[2026-10-02 09:58:43] ------------------------------
top - 09:58:43 up  1:19,  1 user,  load average: 0.25, 0.30, 0.26
Tasks:   1 total,   0 running,   1 sleeping,   0 stopped,   0 zombie
%Cpu(s):  5.0 us,  0.0 sy,  0.0 ni, 95.0 id,  0.0 wa,  0.0 hi,  0.0 si,  0.0 st 
MiB Mem :   1967.8 total,     76.5 free,    548.5 used,   1528.7 buff/cache     
MiB Swap:   6400.0 total,   6383.6 free,     16.4 used.   1419.2 avail Mem 

    PID USER      PR  NI    VIRT    RES    SHR S  %CPU  %MEM     TIME+ COMMAND
  20887 root      20   0 1768520  74372  13996 S   20.0   3.7   3:19.46 ./data-+
[2026-10-02 09:58:44] ------------------------------
top - 09:58:44 up  1:19,  1 user,  load average: 0.25, 0.30, 0.26
Tasks:   1 total,   0 running,   1 sleeping,   0 stopped,   0 zombie
%Cpu(s):  4.8 us,  4.8 sy,  0.0 ni, 90.5 id,  0.0 wa,  0.0 hi,  0.0 si,  0.0 st 
MiB Mem :   1967.8 total,     76.5 free,    548.5 used,   1528.8 buff/cache     
MiB Swap:   6400.0 total,   6383.6 free,     16.4 used.   1419.2 avail Mem 

    PID USER      PR  NI    VIRT    RES    SHR S  %CPU  %MEM     TIME+ COMMAND
  20887 root      20   0 1768520  74372  13996 S   20.0   3.7   3:19.50 ./data-+
[2026-10-02 09:58:45] ------------------------------
top - 09:58:46 up  1:19,  1 user,  load average: 0.25, 0.30, 0.26
Tasks:   1 total,   0 running,   1 sleeping,   0 stopped,   0 zombie
%Cpu(s):  0.0 us,  0.0 sy,  0.0 ni,100.0 id,  0.0 wa,  0.0 hi,  0.0 si,  0.0 st 
MiB Mem :   1967.8 total,     76.5 free,    548.5 used,   1528.8 buff/cache     
MiB Swap:   6400.0 total,   6383.6 free,     16.4 used.   1419.2 avail Mem 

    PID USER      PR  NI    VIRT    RES    SHR S  %CPU  %MEM     TIME+ COMMAND
  20887 root      20   0 1768520  74372  13996 S   20.0   3.7   3:19.54 ./data-+
[2026-10-02 10:00:07] ------------------------------
top - 10:00:07 up  1:21,  1 user,  load average: 0.19, 0.25, 0.25
Tasks:   1 total,   0 running,   1 sleeping,   0 stopped,   0 zombie
%Cpu(s):  0.0 us,  0.0 sy,  0.0 ni,100.0 id,  0.0 wa,  0.0 hi,  0.0 si,  0.0 st 
MiB Mem :   1967.8 total,    146.0 free,    469.8 used,   1538.1 buff/cache     
MiB Swap:   6400.0 total,   6383.6 free,     16.4 used.   1498.0 avail Mem 

    PID USER      PR  NI    VIRT    RES    SHR S  %CPU  %MEM     TIME+ COMMAND
  20887 root      20   0 1768520  62576  13996 S  40.0   3.1   3:30.18 ./data-+
[2026-10-02 10:00:08] ------------------------------
top - 10:00:08 up  1:21,  1 user,  load average: 0.19, 0.25, 0.25
Tasks:   1 total,   0 running,   1 sleeping,   0 stopped,   0 zombie
%Cpu(s): 10.0 us,  5.0 sy,  0.0 ni, 85.0 id,  0.0 wa,  0.0 hi,  0.0 si,  0.0 st 
MiB Mem :   1967.8 total,    141.8 free,    473.8 used,   1538.3 buff/cache     
MiB Swap:   6400.0 total,   6383.6 free,     16.4 used.   1494.0 avail Mem 

    PID USER      PR  NI    VIRT    RES    SHR S  %CPU  %MEM     TIME+ COMMAND
  20887 root      20   0 1768520  62576  13996 S  40.0   3.1   3:30.42 ./data-+
[2026-10-02 10:00:09] ------------------------------
top - 10:00:09 up  1:21,  1 user,  load average: 0.19, 0.25, 0.25
Tasks:   1 total,   0 running,   1 sleeping,   0 stopped,   0 zombie
%Cpu(s):  5.0 us,  5.0 sy,  0.0 ni, 90.0 id,  0.0 wa,  0.0 hi,  0.0 si,  0.0 st 
MiB Mem :   1967.8 total,    141.8 free,    473.7 used,   1538.4 buff/cache     
MiB Swap:   6400.0 total,   6383.6 free,     16.4 used.   1494.1 avail Mem 

    PID USER      PR  NI    VIRT    RES    SHR S  %CPU  %MEM     TIME+ COMMAND
  20887 root      20   0 1768520  62576  13996 S  30.0   3.1   3:30.64 ./data-+
[2026-10-02 10:00:10] ------------------------------
top - 10:00:10 up  1:21,  1 user,  load average: 0.19, 0.25, 0.25
Tasks:   1 total,   0 running,   1 sleeping,   0 stopped,   0 zombie
%Cpu(s):  0.0 us, 10.0 sy,  0.0 ni, 90.0 id,  0.0 wa,  0.0 hi,  0.0 si,  0.0 st 
MiB Mem :   1967.8 total,    141.8 free,    473.4 used,   1538.6 buff/cache     
MiB Swap:   6400.0 total,   6383.6 free,     16.4 used.   1494.3 avail Mem 

    PID USER      PR  NI    VIRT    RES    SHR S  %CPU  %MEM     TIME+ COMMAND
  20887 root      20   0 1768520  62576  13996 S  40.0   3.1   3:30.87 ./data-+
[2026-10-02 10:00:11] ------------------------------
top - 10:00:12 up  1:21,  1 user,  load average: 0.18, 0.25, 0.25
Tasks:   1 total,   0 running,   1 sleeping,   0 stopped,   0 zombie
%Cpu(s):  5.3 us,  0.0 sy,  0.0 ni, 94.7 id,  0.0 wa,  0.0 hi,  0.0 si,  0.0 st 
MiB Mem :   1967.8 total,    141.8 free,    473.3 used,   1538.8 buff/cache     
MiB Swap:   6400.0 total,   6383.6 free,     16.4 used.   1494.4 avail Mem 

    PID USER      PR  NI    VIRT    RES    SHR S  %CPU  %MEM     TIME+ COMMAND
  20887 root      20   0 1768520  62580  13996 S  30.0   3.1   3:31.07 ./data-+
[2026-10-02 10:00:13] ------------------------------
top - 10:00:13 up  1:21,  1 user,  load average: 0.18, 0.25, 0.25
Tasks:   1 total,   0 running,   1 sleeping,   0 stopped,   0 zombie
%Cpu(s): 10.0 us,  5.0 sy,  0.0 ni, 85.0 id,  0.0 wa,  0.0 hi,  0.0 si,  0.0 st 
MiB Mem :   1967.8 total,    138.8 free,    476.1 used,   1538.9 buff/cache     
MiB Swap:   6400.0 total,   6383.6 free,     16.4 used.   1491.6 avail Mem 

    PID USER      PR  NI    VIRT    RES    SHR S  %CPU  %MEM     TIME+ COMMAND
  20887 root      20   0 1768520  62580  13996 S  40.0   3.1   3:31.29 ./data-+
[2026-10-02 10:00:14] ------------------------------
top - 10:00:14 up  1:21,  1 user,  load average: 0.18, 0.25, 0.25
Tasks:   1 total,   0 running,   1 sleeping,   0 stopped,   0 zombie
%Cpu(s):  0.0 us,  0.0 sy,  0.0 ni,100.0 id,  0.0 wa,  0.0 hi,  0.0 si,  0.0 st 
MiB Mem :   1967.8 total,    138.8 free,    475.9 used,   1539.1 buff/cache     
MiB Swap:   6400.0 total,   6383.6 free,     16.4 used.   1491.8 avail Mem 

    PID USER      PR  NI    VIRT    RES    SHR S  %CPU  %MEM     TIME+ COMMAND
  20887 root      20   0 1768520  62580  13996 S  40.0   3.1   3:31.51 ./data-+
[2026-10-02 10:00:15] ------------------------------
top - 10:00:15 up  1:21,  1 user,  load average: 0.18, 0.25, 0.25
Tasks:   1 total,   0 running,   1 sleeping,   0 stopped,   0 zombie
%Cpu(s):  9.5 us,  4.8 sy,  0.0 ni, 85.7 id,  0.0 wa,  0.0 hi,  0.0 si,  0.0 st 
MiB Mem :   1967.8 total,    138.8 free,    475.8 used,   1539.2 buff/cache     
MiB Swap:   6400.0 total,   6383.6 free,     16.4 used.   1492.0 avail Mem 

    PID USER      PR  NI    VIRT    RES    SHR S  %CPU  %MEM     TIME+ COMMAND
  20887 root      20   0 1768520  73652  13996 S  40.0   3.7   3:31.71 ./data-+
[2026-10-02 10:00:16] ------------------------------
top - 10:00:17 up  1:21,  1 user,  load average: 0.18, 0.25, 0.25
Tasks:   1 total,   0 running,   1 sleeping,   0 stopped,   0 zombie
%Cpu(s):  5.0 us,  5.0 sy,  0.0 ni, 90.0 id,  0.0 wa,  0.0 hi,  0.0 si,  0.0 st 
MiB Mem :   1967.8 total,    138.8 free,    475.6 used,   1539.4 buff/cache     
MiB Swap:   6400.0 total,   6383.6 free,     16.4 used.   1492.1 avail Mem 

    PID USER      PR  NI    VIRT    RES    SHR S  %CPU  %MEM     TIME+ COMMAND
  20887 root      20   0 1768520  73652  13996 S  40.0   3.7   3:31.91 ./data-+
[2026-10-02 10:00:18] ------------------------------
top - 10:00:18 up  1:21,  1 user,  load average: 0.16, 0.25, 0.25
Tasks:   1 total,   0 running,   1 sleeping,   0 stopped,   0 zombie
%Cpu(s): 11.1 us,  5.6 sy,  0.0 ni, 83.3 id,  0.0 wa,  0.0 hi,  0.0 si,  0.0 st 
MiB Mem :   1967.8 total,    135.3 free,    479.0 used,   1539.6 buff/cache     
MiB Swap:   6400.0 total,   6383.6 free,     16.4 used.   1488.8 avail Mem 

    PID USER      PR  NI    VIRT    RES    SHR S  %CPU  %MEM     TIME+ COMMAND
  20887 root      20   0 1768520  73652  13996 S  30.0   3.7   3:32.12 ./data-+
[2026-10-02 10:00:19] ------------------------------
top - 10:00:19 up  1:21,  1 user,  load average: 0.16, 0.25, 0.25
Tasks:   1 total,   0 running,   1 sleeping,   0 stopped,   0 zombie
%Cpu(s):  0.0 us,  5.0 sy,  0.0 ni, 95.0 id,  0.0 wa,  0.0 hi,  0.0 si,  0.0 st 
MiB Mem :   1967.8 total,    135.3 free,    478.8 used,   1539.8 buff/cache     
MiB Swap:   6400.0 total,   6383.6 free,     16.4 used.   1489.0 avail Mem 

    PID USER      PR  NI    VIRT    RES    SHR S  %CPU  %MEM     TIME+ COMMAND
  20887 root      20   0 1768520  73652  13996 S  30.0   3.7   3:32.29 ./data-+
[2026-10-02 10:00:20] ------------------------------
top - 10:00:20 up  1:21,  1 user,  load average: 0.16, 0.25, 0.25
Tasks:   1 total,   0 running,   1 sleeping,   0 stopped,   0 zombie
%Cpu(s): 10.0 us,  5.0 sy,  0.0 ni, 85.0 id,  0.0 wa,  0.0 hi,  0.0 si,  0.0 st 
MiB Mem :   1967.8 total,    135.3 free,    478.6 used,   1540.0 buff/cache     
MiB Swap:   6400.0 total,   6383.6 free,     16.4 used.   1489.2 avail Mem 

    PID USER      PR  NI    VIRT    RES    SHR S  %CPU  %MEM     TIME+ COMMAND
  20887 root      20   0 1768520  73652  13996 S  50.0   3.7   3:32.50 ./data-+
[2026-10-02 10:00:21] ------------------------------
top - 10:00:21 up  1:21,  1 user,  load average: 0.16, 0.25, 0.25
Tasks:   1 total,   1 running,   0 sleeping,   0 stopped,   0 zombie
%Cpu(s):  0.0 us,  5.3 sy,  0.0 ni, 89.5 id,  0.0 wa,  0.0 hi,  5.3 si,  0.0 st 
MiB Mem :   1967.8 total,    135.2 free,    478.4 used,   1540.2 buff/cache     
MiB Swap:   6400.0 total,   6383.6 free,     16.4 used.   1489.3 avail Mem 

    PID USER      PR  NI    VIRT    RES    SHR S  %CPU  %MEM     TIME+ COMMAND
  20887 root      20   0 1768520  73652  13996 R  47.3   3.7   3:32.82 ./data-+
[2026-10-02 10:00:22] ------------------------------
top - 10:00:23 up  1:21,  1 user,  load average: 0.15, 0.24, 0.24
Tasks:   1 total,   0 running,   1 sleeping,   0 stopped,   0 zombie
%Cpu(s): 33.3 us, 33.3 sy,  0.0 ni, 27.8 id,  0.0 wa,  0.0 hi,  5.6 si,  0.0 st 
MiB Mem :   1967.8 total,    141.2 free,    471.7 used,   1540.8 buff/cache     
MiB Swap:   6400.0 total,   6383.6 free,     16.4 used.   1496.0 avail Mem 

    PID USER      PR  NI    VIRT    RES    SHR S  %CPU  %MEM     TIME+ COMMAND
  20887 root      20   0 1768520  73652  13996 S  60.0   3.7   3:33.21 ./data-+
[2026-10-02 10:00:24] ------------------------------
top - 10:00:24 up  1:21,  1 user,  load average: 0.15, 0.24, 0.24
Tasks:   1 total,   0 running,   1 sleeping,   0 stopped,   0 zombie
%Cpu(s): 15.0 us,  5.0 sy,  0.0 ni, 80.0 id,  0.0 wa,  0.0 hi,  0.0 si,  0.0 st 
MiB Mem :   1967.8 total,    141.2 free,    471.1 used,   1541.6 buff/cache     
MiB Swap:   6400.0 total,   6383.6 free,     16.4 used.   1496.7 avail Mem 

    PID USER      PR  NI    VIRT    RES    SHR S  %CPU  %MEM     TIME+ COMMAND
  20887 root      20   0 1768520  73652  13996 S  50.0   3.7   3:33.62 ./data-+
[2026-10-02 10:00:25] ------------------------------
top - 10:00:25 up  1:21,  1 user,  load average: 0.15, 0.24, 0.24
Tasks:   1 total,   0 running,   1 sleeping,   0 stopped,   0 zombie
%Cpu(s):  0.0 us,  5.9 sy,  0.0 ni, 94.1 id,  0.0 wa,  0.0 hi,  0.0 si,  0.0 st 
MiB Mem :   1967.8 total,    141.0 free,    470.6 used,   1542.2 buff/cache     
MiB Swap:   6400.0 total,   6383.6 free,     16.4 used.   1497.2 avail Mem 

    PID USER      PR  NI    VIRT    RES    SHR S  %CPU  %MEM     TIME+ COMMAND
  20887 root      20   0 1768520  74396  13996 S  60.0   3.7   3:34.06 ./data-+
[2026-10-02 10:00:26] ------------------------------
top - 10:00:26 up  1:21,  1 user,  load average: 0.15, 0.24, 0.24
Tasks:   1 total,   0 running,   1 sleeping,   0 stopped,   0 zombie
%Cpu(s):  5.6 us,  5.6 sy,  0.0 ni, 88.9 id,  0.0 wa,  0.0 hi,  0.0 si,  0.0 st 
MiB Mem :   1967.8 total,    144.6 free,    466.3 used,   1543.0 buff/cache     
MiB Swap:   6400.0 total,   6383.6 free,     16.4 used.   1501.5 avail Mem 

    PID USER      PR  NI    VIRT    RES    SHR S  %CPU  %MEM     TIME+ COMMAND
  20887 root      20   0 1768520  74396  13996 S  50.0   3.7   3:34.49 ./data-+
[2026-10-02 10:00:27] ------------------------------
top - 10:00:28 up  1:21,  1 user,  load average: 0.30, 0.27, 0.25
Tasks:   1 total,   0 running,   1 sleeping,   0 stopped,   0 zombie
%Cpu(s): 10.0 us,  5.0 sy,  0.0 ni, 80.0 id,  0.0 wa,  0.0 hi,  5.0 si,  0.0 st 
MiB Mem :   1967.8 total,    144.6 free,    465.5 used,   1543.7 buff/cache     
MiB Swap:   6400.0 total,   6383.6 free,     16.4 used.   1502.2 avail Mem 

    PID USER      PR  NI    VIRT    RES    SHR S  %CPU  %MEM     TIME+ COMMAND
  20887 root      20   0 1768520  74396  13996 S  50.0   3.7   3:34.92 ./data-+
[2026-10-02 10:00:29] ------------------------------
top - 10:00:29 up  1:21,  1 user,  load average: 0.30, 0.27, 0.25
Tasks:   1 total,   0 running,   1 sleeping,   0 stopped,   0 zombie
%Cpu(s): 20.0 us,  5.0 sy,  0.0 ni, 75.0 id,  0.0 wa,  0.0 hi,  0.0 si,  0.0 st 
MiB Mem :   1967.8 total,    144.1 free,    465.3 used,   1544.4 buff/cache     
MiB Swap:   6400.0 total,   6383.6 free,     16.4 used.   1502.5 avail Mem 

    PID USER      PR  NI    VIRT    RES    SHR S  %CPU  %MEM     TIME+ COMMAND
  20887 root      20   0 1768520  73420  13996 S  50.0   3.6   3:35.37 ./data-+
[2026-10-02 10:00:30] ------------------------------
top - 10:00:30 up  1:21,  1 user,  load average: 0.30, 0.27, 0.25
Tasks:   1 total,   0 running,   1 sleeping,   0 stopped,   0 zombie
%Cpu(s):  5.6 us,  0.0 sy,  0.0 ni, 94.4 id,  0.0 wa,  0.0 hi,  0.0 si,  0.0 st 
MiB Mem :   1967.8 total,    144.1 free,    464.6 used,   1545.1 buff/cache     
MiB Swap:   6400.0 total,   6383.6 free,     16.4 used.   1503.1 avail Mem 

    PID USER      PR  NI    VIRT    RES    SHR S  %CPU  %MEM     TIME+ COMMAND
  20887 root      20   0 1768520  73452  13996 S  50.0   3.6   3:35.76 ./data-+
[2026-10-02 10:00:31] ------------------------------
top - 10:00:31 up  1:21,  1 user,  load average: 0.30, 0.27, 0.25
Tasks:   1 total,   0 running,   1 sleeping,   0 stopped,   0 zombie
%Cpu(s):  5.6 us,  5.6 sy,  0.0 ni, 88.9 id,  0.0 wa,  0.0 hi,  0.0 si,  0.0 st 
MiB Mem :   1967.8 total,    143.9 free,    464.2 used,   1545.9 buff/cache     
MiB Swap:   6400.0 total,   6383.6 free,     16.4 used.   1503.6 avail Mem 

    PID USER      PR  NI    VIRT    RES    SHR S  %CPU  %MEM     TIME+ COMMAND
  20887 root      20   0 1768520  73452  13996 S  56.4   3.6   3:36.16 ./data-+
[2026-10-02 10:00:32] ------------------------------
top - 10:00:32 up  1:21,  1 user,  load average: 0.27, 0.27, 0.25
Tasks:   1 total,   0 running,   1 sleeping,   0 stopped,   0 zombie
%Cpu(s):  9.5 us,  9.5 sy,  0.0 ni, 76.2 id,  0.0 wa,  0.0 hi,  4.8 si,  0.0 st 
MiB Mem :   1967.8 total,    143.9 free,    463.5 used,   1546.6 buff/cache     
MiB Swap:   6400.0 total,   6383.6 free,     16.4 used.   1504.3 avail Mem 

    PID USER      PR  NI    VIRT    RES    SHR S  %CPU  %MEM     TIME+ COMMAND
  20887 root      20   0 1768520  73456  13996 S  50.0   3.6   3:36.56 ./data-+
[2026-10-02 10:00:33] ------------------------------
top - 10:00:34 up  1:21,  1 user,  load average: 0.27, 0.27, 0.25
Tasks:   1 total,   0 running,   1 sleeping,   0 stopped,   0 zombie
%Cpu(s): 10.0 us,  5.0 sy,  0.0 ni, 80.0 id,  0.0 wa,  0.0 hi,  5.0 si,  0.0 st 
MiB Mem :   1967.8 total,    141.9 free,    464.7 used,   1547.3 buff/cache     
MiB Swap:   6400.0 total,   6383.6 free,     16.4 used.   1503.1 avail Mem 

    PID USER      PR  NI    VIRT    RES    SHR S  %CPU  %MEM     TIME+ COMMAND
  20887 root      20   0 1768520  73456  13996 S  60.0   3.6   3:36.98 ./data-+
[2026-10-02 10:00:35] ------------------------------
top - 10:00:35 up  1:21,  1 user,  load average: 0.27, 0.27, 0.25
Tasks:   1 total,   0 running,   1 sleeping,   0 stopped,   0 zombie
%Cpu(s):  5.3 us, 10.5 sy,  0.0 ni, 78.9 id,  0.0 wa,  0.0 hi,  5.3 si,  0.0 st 
MiB Mem :   1967.8 total,    141.9 free,    464.0 used,   1548.0 buff/cache     
MiB Swap:   6400.0 total,   6383.6 free,     16.4 used.   1503.8 avail Mem 

    PID USER      PR  NI    VIRT    RES    SHR S  %CPU  %MEM     TIME+ COMMAND
  20887 root      20   0 1768520  73456  13996 S  40.0   3.6   3:37.39 ./data-+
[2026-10-02 10:00:36] ------------------------------
top - 10:00:36 up  1:21,  1 user,  load average: 0.27, 0.27, 0.25
Tasks:   1 total,   0 running,   1 sleeping,   0 stopped,   0 zombie
%Cpu(s):  5.6 us,  5.6 sy,  0.0 ni, 88.9 id,  0.0 wa,  0.0 hi,  0.0 si,  0.0 st 
MiB Mem :   1967.8 total,    141.9 free,    463.3 used,   1548.6 buff/cache     
MiB Swap:   6400.0 total,   6383.6 free,     16.4 used.   1504.5 avail Mem 

    PID USER      PR  NI    VIRT    RES    SHR S  %CPU  %MEM     TIME+ COMMAND
  20887 root      20   0 1768520  73456  13996 S  60.0   3.6   3:37.84 ./data-+
[2026-10-02 10:00:37] ------------------------------
top - 10:00:37 up  1:21,  1 user,  load average: 0.25, 0.26, 0.25
Tasks:   1 total,   0 running,   1 sleeping,   0 stopped,   0 zombie
%Cpu(s): 15.0 us,  0.0 sy,  0.0 ni, 80.0 id,  0.0 wa,  0.0 hi,  5.0 si,  0.0 st 
MiB Mem :   1967.8 total,    141.9 free,    462.5 used,   1549.4 buff/cache     
MiB Swap:   6400.0 total,   6383.6 free,     16.4 used.   1505.3 avail Mem 

    PID USER      PR  NI    VIRT    RES    SHR S  %CPU  %MEM     TIME+ COMMAND
  20887 root      20   0 1768520  73456  13996 S  70.0   3.6   3:38.30 ./data-+
[2026-10-02 10:00:38] ------------------------------
top - 10:00:39 up  1:21,  1 user,  load average: 0.25, 0.26, 0.25
Tasks:   1 total,   0 running,   1 sleeping,   0 stopped,   0 zombie
%Cpu(s): 15.8 us,  0.0 sy,  0.0 ni, 78.9 id,  0.0 wa,  0.0 hi,  5.3 si,  0.0 st 
MiB Mem :   1967.8 total,    133.3 free,    470.5 used,   1550.2 buff/cache     
MiB Swap:   6400.0 total,   6383.6 free,     16.4 used.   1497.3 avail Mem 

    PID USER      PR  NI    VIRT    RES    SHR S  %CPU  %MEM     TIME+ COMMAND
  20887 root      20   0 1768520  73456  13996 S  50.0   3.6   3:38.68 ./data-+
[2026-10-02 10:00:40] ------------------------------
top - 10:00:40 up  1:21,  1 user,  load average: 0.25, 0.26, 0.25
Tasks:   1 total,   0 running,   1 sleeping,   0 stopped,   0 zombie
%Cpu(s): 14.3 us,  4.8 sy,  0.0 ni, 76.2 id,  0.0 wa,  0.0 hi,  4.8 si,  0.0 st 
MiB Mem :   1967.8 total,    133.3 free,    469.7 used,   1550.8 buff/cache     
MiB Swap:   6400.0 total,   6383.6 free,     16.4 used.   1498.0 avail Mem 

    PID USER      PR  NI    VIRT    RES    SHR S  %CPU  %MEM     TIME+ COMMAND
  20887 root      20   0 1768520  73456  13996 S  50.0   3.6   3:39.13 ./data-+
[2026-10-02 10:00:41] ------------------------------
top - 10:00:41 up  1:21,  1 user,  load average: 0.25, 0.26, 0.25
Tasks:   1 total,   0 running,   1 sleeping,   0 stopped,   0 zombie
%Cpu(s): 14.3 us,  9.5 sy,  0.0 ni, 76.2 id,  0.0 wa,  0.0 hi,  0.0 si,  0.0 st 
MiB Mem :   1967.8 total,    132.6 free,    469.8 used,   1551.5 buff/cache     
MiB Swap:   6400.0 total,   6383.6 free,     16.4 used.   1498.0 avail Mem 

    PID USER      PR  NI    VIRT    RES    SHR S  %CPU  %MEM     TIME+ COMMAND
  20887 root      20   0 1768520  73456  13996 S  40.0   3.6   3:39.53 ./data-+
[2026-10-02 10:00:42] ------------------------------
top - 10:00:42 up  1:21,  1 user,  load average: 0.23, 0.26, 0.25
Tasks:   1 total,   0 running,   1 sleeping,   0 stopped,   0 zombie
%Cpu(s):  0.0 us,  0.0 sy,  0.0 ni, 94.1 id,  0.0 wa,  0.0 hi,  5.9 si,  0.0 st 
MiB Mem :   1967.8 total,    132.6 free,    469.1 used,   1552.2 buff/cache     
MiB Swap:   6400.0 total,   6383.6 free,     16.4 used.   1498.6 avail Mem 

    PID USER      PR  NI    VIRT    RES    SHR S  %CPU  %MEM     TIME+ COMMAND
  20887 root      20   0 1768520  73456  13996 S  60.0   3.6   3:39.95 ./data-+
[2026-10-02 10:00:43] ------------------------------
top - 10:00:43 up  1:21,  1 user,  load average: 0.23, 0.26, 0.25
Tasks:   1 total,   0 running,   1 sleeping,   0 stopped,   0 zombie
%Cpu(s): 15.8 us,  0.0 sy,  0.0 ni, 84.2 id,  0.0 wa,  0.0 hi,  0.0 si,  0.0 st 
MiB Mem :   1967.8 total,    131.8 free,    469.1 used,   1553.0 buff/cache     
MiB Swap:   6400.0 total,   6383.6 free,     16.4 used.   1498.6 avail Mem 

    PID USER      PR  NI    VIRT    RES    SHR S  %CPU  %MEM     TIME+ COMMAND
  20887 root      20   0 1768520  73456  13996 S  50.0   3.6   3:40.36 ./data-+
[2026-10-02 10:00:44] ------------------------------
top - 10:00:45 up  1:21,  1 user,  load average: 0.23, 0.26, 0.25
Tasks:   1 total,   0 running,   1 sleeping,   0 stopped,   0 zombie
%Cpu(s):  9.5 us,  9.5 sy,  0.0 ni, 76.2 id,  0.0 wa,  0.0 hi,  4.8 si,  0.0 st 
MiB Mem :   1967.8 total,    131.8 free,    468.3 used,   1553.7 buff/cache     
MiB Swap:   6400.0 total,   6383.6 free,     16.4 used.   1499.5 avail Mem 

    PID USER      PR  NI    VIRT    RES    SHR S  %CPU  %MEM     TIME+ COMMAND
  20887 root      20   0 1768520  73456  13996 S  50.0   3.6   3:40.79 ./data-+
[2026-10-02 10:00:46] ------------------------------
top - 10:00:46 up  1:21,  1 user,  load average: 0.23, 0.26, 0.25
Tasks:   1 total,   0 running,   1 sleeping,   0 stopped,   0 zombie
%Cpu(s):  9.5 us,  4.8 sy,  0.0 ni, 81.0 id,  0.0 wa,  0.0 hi,  4.8 si,  0.0 st 
MiB Mem :   1967.8 total,    131.8 free,    467.7 used,   1554.4 buff/cache     
MiB Swap:   6400.0 total,   6383.6 free,     16.4 used.   1500.1 avail Mem 

    PID USER      PR  NI    VIRT    RES    SHR S  %CPU  %MEM     TIME+ COMMAND
  20887 root      20   0 1768520  73456  13996 S  50.0   3.6   3:41.21 ./data-+
[2026-10-02 10:00:47] ------------------------------
top - 10:00:47 up  1:21,  1 user,  load average: 0.21, 0.25, 0.25
Tasks:   1 total,   0 running,   1 sleeping,   0 stopped,   0 zombie
%Cpu(s):  4.8 us,  9.5 sy,  0.0 ni, 81.0 id,  0.0 wa,  0.0 hi,  4.8 si,  0.0 st 
MiB Mem :   1967.8 total,    139.7 free,    459.0 used,   1555.1 buff/cache     
MiB Swap:   6400.0 total,   6383.6 free,     16.4 used.   1508.7 avail Mem 

    PID USER      PR  NI    VIRT    RES    SHR S  %CPU  %MEM     TIME+ COMMAND
  20887 root      20   0 1768520  73456  13996 S  50.0   3.6   3:41.64 ./data-+
[2026-10-02 10:00:48] ------------------------------
top - 10:00:48 up  1:21,  1 user,  load average: 0.21, 0.25, 0.25
Tasks:   1 total,   0 running,   1 sleeping,   0 stopped,   0 zombie
%Cpu(s):  0.0 us,  6.2 sy,  0.0 ni, 93.8 id,  0.0 wa,  0.0 hi,  0.0 si,  0.0 st 
MiB Mem :   1967.8 total,    137.2 free,    460.7 used,   1555.9 buff/cache     
MiB Swap:   6400.0 total,   6383.6 free,     16.4 used.   1507.0 avail Mem 

    PID USER      PR  NI    VIRT    RES    SHR S  %CPU  %MEM     TIME+ COMMAND
  20887 root      20   0 1768520  73456  13996 S  70.0   3.6   3:42.06 ./data-+
[2026-10-02 10:00:49] ------------------------------
top - 10:00:50 up  1:21,  1 user,  load average: 0.21, 0.25, 0.25
Tasks:   1 total,   0 running,   1 sleeping,   0 stopped,   0 zombie
%Cpu(s):  5.0 us, 10.0 sy,  0.0 ni, 80.0 id,  0.0 wa,  0.0 hi,  5.0 si,  0.0 st 
MiB Mem :   1967.8 total,    137.2 free,    460.1 used,   1556.7 buff/cache     
MiB Swap:   6400.0 total,   6383.6 free,     16.4 used.   1507.6 avail Mem 

    PID USER      PR  NI    VIRT    RES    SHR S  %CPU  %MEM     TIME+ COMMAND
  20887 root      20   0 1768520  73456  13996 S  50.0   3.6   3:42.46 ./data-+
[2026-10-02 10:00:51] ------------------------------
top - 10:00:51 up  1:21,  1 user,  load average: 0.21, 0.25, 0.25
Tasks:   1 total,   0 running,   1 sleeping,   0 stopped,   0 zombie
%Cpu(s): 13.6 us, 13.6 sy,  0.0 ni, 68.2 id,  0.0 wa,  0.0 hi,  4.5 si,  0.0 st 
MiB Mem :   1967.8 total,    137.2 free,    459.3 used,   1557.3 buff/cache     
MiB Swap:   6400.0 total,   6383.6 free,     16.4 used.   1508.4 avail Mem 

    PID USER      PR  NI    VIRT    RES    SHR S  %CPU  %MEM     TIME+ COMMAND
  20887 root      20   0 1768520  73456  13996 S  40.0   3.6   3:42.88 ./data-+
[2026-10-02 10:00:52] ------------------------------
top - 10:00:52 up  1:21,  1 user,  load average: 0.44, 0.30, 0.26
Tasks:   1 total,   0 running,   1 sleeping,   0 stopped,   0 zombie
%Cpu(s):  9.5 us,  4.8 sy,  0.0 ni, 81.0 id,  0.0 wa,  0.0 hi,  4.8 si,  0.0 st 
MiB Mem :   1967.8 total,    137.2 free,    458.6 used,   1558.0 buff/cache     
MiB Swap:   6400.0 total,   6383.6 free,     16.4 used.   1509.1 avail Mem 

    PID USER      PR  NI    VIRT    RES    SHR S  %CPU  %MEM     TIME+ COMMAND
  20887 root      20   0 1768520  73456  13996 S  50.0   3.6   3:43.30 ./data-+
[2026-10-02 10:00:53] ------------------------------
top - 10:00:53 up  1:21,  1 user,  load average: 0.44, 0.30, 0.26
Tasks:   1 total,   0 running,   1 sleeping,   0 stopped,   0 zombie
%Cpu(s): 10.0 us,  5.0 sy,  0.0 ni, 80.0 id,  0.0 wa,  0.0 hi,  5.0 si,  0.0 st 
MiB Mem :   1967.8 total,    136.5 free,    458.7 used,   1558.7 buff/cache     
MiB Swap:   6400.0 total,   6383.6 free,     16.4 used.   1509.1 avail Mem 

    PID USER      PR  NI    VIRT    RES    SHR S  %CPU  %MEM     TIME+ COMMAND
  20887 root      20   0 1768520  73456  13996 S  50.0   3.6   3:43.70 ./data-+
[2026-10-02 10:00:54] ------------------------------
top - 10:00:54 up  1:21,  1 user,  load average: 0.44, 0.30, 0.26
Tasks:   1 total,   0 running,   1 sleeping,   0 stopped,   0 zombie
%Cpu(s): 10.5 us,  5.3 sy,  0.0 ni, 84.2 id,  0.0 wa,  0.0 hi,  0.0 si,  0.0 st 
MiB Mem :   1967.8 total,    136.5 free,    458.1 used,   1559.5 buff/cache     
MiB Swap:   6400.0 total,   6383.6 free,     16.4 used.   1509.7 avail Mem 

    PID USER      PR  NI    VIRT    RES    SHR S  %CPU  %MEM     TIME+ COMMAND
  20887 root      20   0 1768520  73456  13996 S  50.0   3.6   3:44.11 ./data-+
[2026-10-02 10:00:55] ------------------------------
top - 10:00:56 up  1:21,  1 user,  load average: 0.44, 0.30, 0.26
Tasks:   1 total,   0 running,   1 sleeping,   0 stopped,   0 zombie
%Cpu(s):  5.6 us,  0.0 sy,  0.0 ni, 94.4 id,  0.0 wa,  0.0 hi,  0.0 si,  0.0 st 
MiB Mem :   1967.8 total,    136.2 free,    457.5 used,   1560.2 buff/cache     
MiB Swap:   6400.0 total,   6383.6 free,     16.4 used.   1510.3 avail Mem 

    PID USER      PR  NI    VIRT    RES    SHR S  %CPU  %MEM     TIME+ COMMAND
  20887 root      20   0 1768520  73456  13996 S  60.0   3.6   3:44.53 ./data-+
[2026-10-02 10:00:57] ------------------------------
top - 10:00:57 up  1:21,  1 user,  load average: 0.48, 0.31, 0.27
Tasks:   1 total,   0 running,   1 sleeping,   0 stopped,   0 zombie
%Cpu(s):  0.0 us, 11.1 sy,  0.0 ni, 88.9 id,  0.0 wa,  0.0 hi,  0.0 si,  0.0 st 
MiB Mem :   1967.8 total,    136.2 free,    456.8 used,   1560.9 buff/cache     
MiB Swap:   6400.0 total,   6383.6 free,     16.4 used.   1510.9 avail Mem 

    PID USER      PR  NI    VIRT    RES    SHR S  %CPU  %MEM     TIME+ COMMAND
  20887 root      20   0 1768520  73456  13996 S  60.0   3.6   3:44.97 ./data-+
[2026-10-02 10:00:58] ------------------------------
top - 10:00:58 up  1:21,  1 user,  load average: 0.48, 0.31, 0.27
Tasks:   1 total,   0 running,   1 sleeping,   0 stopped,   0 zombie
%Cpu(s):  9.1 us,  9.1 sy,  0.0 ni, 72.7 id,  0.0 wa,  0.0 hi,  9.1 si,  0.0 st 
MiB Mem :   1967.8 total,    141.7 free,    450.6 used,   1561.6 buff/cache     
MiB Swap:   6400.0 total,   6383.6 free,     16.4 used.   1517.2 avail Mem 

    PID USER      PR  NI    VIRT    RES    SHR S  %CPU  %MEM     TIME+ COMMAND
  20887 root      20   0 1768520  73456  13996 S  60.0   3.6   3:45.37 ./data-+
[2026-10-02 10:00:59] ------------------------------
top - 10:00:59 up  1:21,  1 user,  load average: 0.48, 0.31, 0.27
Tasks:   1 total,   0 running,   1 sleeping,   0 stopped,   0 zombie
%Cpu(s): 14.3 us,  9.5 sy,  0.0 ni, 76.2 id,  0.0 wa,  0.0 hi,  0.0 si,  0.0 st 
MiB Mem :   1967.8 total,    143.5 free,    448.0 used,   1562.3 buff/cache     
MiB Swap:   6400.0 total,   6383.6 free,     16.4 used.   1519.8 avail Mem 

    PID USER      PR  NI    VIRT    RES    SHR S  %CPU  %MEM     TIME+ COMMAND
  20887 root      20   0 1768520  71028  13996 S  56.4   3.5   3:45.79 ./data-+
[2026-10-02 10:01:00] ------------------------------
top - 10:01:00 up  1:21,  1 user,  load average: 0.48, 0.31, 0.27
Tasks:   1 total,   0 running,   1 sleeping,   0 stopped,   0 zombie
%Cpu(s):  5.3 us, 10.5 sy,  0.0 ni, 84.2 id,  0.0 wa,  0.0 hi,  0.0 si,  0.0 st 
MiB Mem :   1967.8 total,    141.7 free,    449.1 used,   1563.0 buff/cache     
MiB Swap:   6400.0 total,   6383.6 free,     16.4 used.   1518.6 avail Mem 

    PID USER      PR  NI    VIRT    RES    SHR S  %CPU  %MEM     TIME+ COMMAND
  20887 root      20   0 1768520  72120  13996 S  50.0   3.6   3:46.21 ./data-+
[2026-10-02 10:01:01] ------------------------------
top - 10:01:02 up  1:21,  1 user,  load average: 0.44, 0.30, 0.27
Tasks:   1 total,   0 running,   1 sleeping,   0 stopped,   0 zombie
%Cpu(s):  5.0 us, 10.0 sy,  0.0 ni, 80.0 id,  0.0 wa,  0.0 hi,  5.0 si,  0.0 st 
MiB Mem :   1967.8 total,    141.5 free,    448.7 used,   1563.8 buff/cache     
MiB Swap:   6400.0 total,   6383.6 free,     16.4 used.   1519.1 avail Mem 

    PID USER      PR  NI    VIRT    RES    SHR S  %CPU  %MEM     TIME+ COMMAND
  20887 root      20   0 1768520  72124  13996 S  50.0   3.6   3:46.62 ./data-+
[2026-10-02 10:01:03] ------------------------------
top - 10:01:03 up  1:22,  1 user,  load average: 0.44, 0.30, 0.27
Tasks:   1 total,   0 running,   1 sleeping,   0 stopped,   0 zombie
%Cpu(s): 10.0 us,  5.0 sy,  0.0 ni, 80.0 id,  0.0 wa,  0.0 hi,  5.0 si,  0.0 st 
MiB Mem :   1967.8 total,    137.6 free,    451.8 used,   1564.4 buff/cache     
MiB Swap:   6400.0 total,   6383.6 free,     16.4 used.   1516.0 avail Mem 

    PID USER      PR  NI    VIRT    RES    SHR S  %CPU  %MEM     TIME+ COMMAND
  20887 root      20   0 1768520  72124  13996 S  60.0   3.6   3:47.03 ./data-+
[2026-10-02 10:01:04] ------------------------------
top - 10:01:04 up  1:22,  1 user,  load average: 0.44, 0.30, 0.27
Tasks:   1 total,   0 running,   1 sleeping,   0 stopped,   0 zombie
%Cpu(s):  9.5 us,  9.5 sy,  0.0 ni, 76.2 id,  0.0 wa,  0.0 hi,  4.8 si,  0.0 st 
MiB Mem :   1967.8 total,    137.4 free,    451.4 used,   1565.1 buff/cache     
MiB Swap:   6400.0 total,   6383.6 free,     16.4 used.   1516.3 avail Mem 

    PID USER      PR  NI    VIRT    RES    SHR S  %CPU  %MEM     TIME+ COMMAND
  20887 root      20   0 1768520  72228  13996 S  50.0   3.6   3:47.41 ./data-+
[2026-10-02 10:01:05] ------------------------------
top - 10:01:05 up  1:22,  1 user,  load average: 0.44, 0.30, 0.27
Tasks:   1 total,   0 running,   1 sleeping,   0 stopped,   0 zombie
%Cpu(s):  9.5 us,  9.5 sy,  0.0 ni, 76.2 id,  0.0 wa,  0.0 hi,  4.8 si,  0.0 st 
MiB Mem :   1967.8 total,    136.4 free,    451.5 used,   1565.9 buff/cache     
MiB Swap:   6400.0 total,   6383.6 free,     16.4 used.   1516.2 avail Mem 

    PID USER      PR  NI    VIRT    RES    SHR S  %CPU  %MEM     TIME+ COMMAND
  20887 root      20   0 1768520  72228  13996 S  50.0   3.6   3:47.81 ./data-+
[2026-10-02 10:01:06] ------------------------------
top - 10:01:07 up  1:22,  1 user,  load average: 0.49, 0.32, 0.27
Tasks:   1 total,   0 running,   1 sleeping,   0 stopped,   0 zombie
%Cpu(s): 30.0 us,  5.0 sy,  0.0 ni, 65.0 id,  0.0 wa,  0.0 hi,  0.0 si,  0.0 st 
MiB Mem :   1967.8 total,    143.4 free,    443.8 used,   1566.7 buff/cache     
MiB Swap:   6400.0 total,   6383.6 free,     16.4 used.   1524.0 avail Mem 

    PID USER      PR  NI    VIRT    RES    SHR S  %CPU  %MEM     TIME+ COMMAND
  20887 root      20   0 1768520  72548  13996 S  70.0   3.6   3:48.27 ./data-+
[2026-10-02 10:01:08] ------------------------------
top - 10:01:08 up  1:22,  1 user,  load average: 0.49, 0.32, 0.27
Tasks:   1 total,   0 running,   1 sleeping,   0 stopped,   0 zombie
%Cpu(s): 22.2 us, 11.1 sy,  0.0 ni, 55.6 id,  0.0 wa,  0.0 hi, 11.1 si,  0.0 st 
MiB Mem :   1967.8 total,    137.5 free,    448.5 used,   1567.9 buff/cache     
MiB Swap:   6400.0 total,   6383.6 free,     16.4 used.   1519.3 avail Mem 

    PID USER      PR  NI    VIRT    RES    SHR S  %CPU  %MEM     TIME+ COMMAND
  20887 root      20   0 1768520  72644  13996 S  90.0   3.6   3:48.86 ./data-+
[2026-10-02 10:01:09] ------------------------------
top - 10:01:09 up  1:22,  1 user,  load average: 0.49, 0.32, 0.27
Tasks:   1 total,   0 running,   1 sleeping,   0 stopped,   0 zombie
%Cpu(s): 10.5 us, 15.8 sy,  0.0 ni, 68.4 id,  0.0 wa,  0.0 hi,  5.3 si,  0.0 st 
MiB Mem :   1967.8 total,    136.1 free,    448.3 used,   1569.6 buff/cache     
MiB Swap:   6400.0 total,   6383.6 free,     16.4 used.   1519.5 avail Mem 

    PID USER      PR  NI    VIRT    RES    SHR S  %CPU  %MEM     TIME+ COMMAND
  20887 root      20   0 1768520  72680  13996 S  80.0   3.6   3:49.59 ./data-+
[2026-10-02 10:01:10] ------------------------------
top - 10:01:10 up  1:22,  1 user,  load average: 0.49, 0.32, 0.27
Tasks:   1 total,   0 running,   1 sleeping,   0 stopped,   0 zombie
%Cpu(s): 16.7 us, 11.1 sy,  0.0 ni, 72.2 id,  0.0 wa,  0.0 hi,  0.0 si,  0.0 st 
MiB Mem :   1967.8 total,    134.9 free,    447.5 used,   1571.6 buff/cache     
MiB Swap:   6400.0 total,   6383.6 free,     16.4 used.   1520.3 avail Mem 

    PID USER      PR  NI    VIRT    RES    SHR S  %CPU  %MEM     TIME+ COMMAND
  20887 root      20   0 1768520  72740  13996 S  90.0   3.6   3:50.38 ./data-+
[2026-10-02 10:01:11] ------------------------------
top - 10:01:11 up  1:22,  1 user,  load average: 0.49, 0.32, 0.27
Tasks:   1 total,   0 running,   1 sleeping,   0 stopped,   0 zombie
%Cpu(s): 22.7 us, 18.2 sy,  0.0 ni, 59.1 id,  0.0 wa,  0.0 hi,  0.0 si,  0.0 st 
MiB Mem :   1967.8 total,    134.9 free,    445.5 used,   1573.5 buff/cache     
MiB Swap:   6400.0 total,   6383.6 free,     16.4 used.   1522.3 avail Mem 

    PID USER      PR  NI    VIRT    RES    SHR S  %CPU  %MEM     TIME+ COMMAND
  20887 root      20   0 1768520  71572  13996 S  70.0   3.6   3:51.07 ./data-+
[2026-10-02 10:01:12] ------------------------------
top - 10:01:13 up  1:22,  1 user,  load average: 0.45, 0.31, 0.27
Tasks:   1 total,   0 running,   1 sleeping,   0 stopped,   0 zombie
%Cpu(s): 42.9 us, 33.3 sy,  0.0 ni, 19.0 id,  0.0 wa,  0.0 hi,  4.8 si,  0.0 st 
MiB Mem :   1967.8 total,    126.1 free,    452.3 used,   1575.4 buff/cache     
MiB Swap:   6400.0 total,   6383.6 free,     16.4 used.   1515.4 avail Mem 

    PID USER      PR  NI    VIRT    RES    SHR S  %CPU  %MEM     TIME+ COMMAND
  20887 root      20   0 1768520  71788  13996 S  80.0   3.6   3:51.73 ./data-+
[2026-10-02 10:01:14] ------------------------------
top - 10:01:14 up  1:22,  1 user,  load average: 0.45, 0.31, 0.27
Tasks:   1 total,   0 running,   1 sleeping,   0 stopped,   0 zombie
%Cpu(s): 16.7 us,  0.0 sy,  0.0 ni, 83.3 id,  0.0 wa,  0.0 hi,  0.0 si,  0.0 st 
MiB Mem :   1967.8 total,    125.6 free,    451.1 used,   1577.3 buff/cache     
MiB Swap:   6400.0 total,   6383.6 free,     16.4 used.   1516.7 avail Mem 

    PID USER      PR  NI    VIRT    RES    SHR S  %CPU  %MEM     TIME+ COMMAND
  20887 root      20   0 1768520  71984  13996 S  80.0   3.6   3:52.45 ./data-+
[2026-10-02 10:01:15] ------------------------------
top - 10:01:15 up  1:22,  1 user,  load average: 0.45, 0.31, 0.27
Tasks:   1 total,   0 running,   1 sleeping,   0 stopped,   0 zombie
%Cpu(s):  5.3 us, 10.5 sy,  0.0 ni, 84.2 id,  0.0 wa,  0.0 hi,  0.0 si,  0.0 st 
MiB Mem :   1967.8 total,    122.4 free,    452.8 used,   1578.6 buff/cache     
MiB Swap:   6400.0 total,   6383.6 free,     16.4 used.   1515.0 avail Mem 

    PID USER      PR  NI    VIRT    RES    SHR S  %CPU  %MEM     TIME+ COMMAND
  20887 root      20   0 1768520  71984  13996 S  60.0   3.6   3:52.94 ./data-+
[2026-10-02 10:01:16] ------------------------------
top - 10:01:16 up  1:22,  1 user,  load average: 0.45, 0.31, 0.27
Tasks:   1 total,   0 running,   1 sleeping,   0 stopped,   0 zombie
%Cpu(s): 20.0 us, 10.0 sy,  0.0 ni, 65.0 id,  0.0 wa,  0.0 hi,  5.0 si,  0.0 st 
MiB Mem :   1967.8 total,    116.1 free,    458.0 used,   1579.8 buff/cache     
MiB Swap:   6400.0 total,   6383.6 free,     16.4 used.   1509.8 avail Mem 

    PID USER      PR  NI    VIRT    RES    SHR S  %CPU  %MEM     TIME+ COMMAND
  20887 root      20   0 1768520  72160  13996 S  47.3   3.6   3:53.42 ./data-+
[2026-10-02 10:01:17] ------------------------------
top - 10:01:18 up  1:22,  1 user,  load average: 0.49, 0.32, 0.27
Tasks:   1 total,   0 running,   1 sleeping,   0 stopped,   0 zombie
%Cpu(s): 30.0 us, 15.0 sy,  0.0 ni, 55.0 id,  0.0 wa,  0.0 hi,  0.0 si,  0.0 st 
MiB Mem :   1967.8 total,    111.7 free,    461.1 used,   1581.1 buff/cache     
MiB Swap:   6400.0 total,   6383.6 free,     16.4 used.   1506.7 avail Mem 

    PID USER      PR  NI    VIRT    RES    SHR S  %CPU  %MEM     TIME+ COMMAND
  20887 root      20   0 1768520  72432  13996 S  30.0   3.6   3:53.83 ./data-+
[2026-10-02 10:01:19] ------------------------------
top - 10:01:19 up  1:22,  1 user,  load average: 0.49, 0.32, 0.27
Tasks:   1 total,   0 running,   1 sleeping,   0 stopped,   0 zombie
%Cpu(s):  5.3 us,  0.0 sy,  0.0 ni, 89.5 id,  0.0 wa,  0.0 hi,  5.3 si,  0.0 st 
MiB Mem :   1967.8 total,    111.2 free,    461.0 used,   1581.6 buff/cache     
MiB Swap:   6400.0 total,   6383.6 free,     16.4 used.   1506.8 avail Mem 

    PID USER      PR  NI    VIRT    RES    SHR S  %CPU  %MEM     TIME+ COMMAND
  20887 root      20   0 1768520  73944  13996 S  70.0   3.7   3:54.18 ./data-+
[2026-10-02 10:01:20] ------------------------------
top - 10:01:20 up  1:22,  1 user,  load average: 0.49, 0.32, 0.27
Tasks:   1 total,   0 running,   1 sleeping,   0 stopped,   0 zombie
%Cpu(s): 14.3 us,  9.5 sy,  0.0 ni, 71.4 id,  0.0 wa,  0.0 hi,  4.8 si,  0.0 st 
MiB Mem :   1967.8 total,    111.2 free,    460.2 used,   1582.5 buff/cache     
MiB Swap:   6400.0 total,   6383.6 free,     16.4 used.   1507.6 avail Mem 

    PID USER      PR  NI    VIRT    RES    SHR S  %CPU  %MEM     TIME+ COMMAND
  20887 root      20   0 1768520  72440  13996 S  74.5   3.6   3:54.66 ./data-+
[2026-10-02 10:01:21] ------------------------------
top - 10:01:21 up  1:22,  1 user,  load average: 0.49, 0.32, 0.27
Tasks:   1 total,   0 running,   1 sleeping,   0 stopped,   0 zombie
%Cpu(s): 15.0 us, 25.0 sy,  0.0 ni, 60.0 id,  0.0 wa,  0.0 hi,  0.0 si,  0.0 st 
MiB Mem :   1967.8 total,    110.4 free,    459.4 used,   1584.1 buff/cache     
MiB Swap:   6400.0 total,   6383.6 free,     16.4 used.   1508.4 avail Mem 

    PID USER      PR  NI    VIRT    RES    SHR S  %CPU  %MEM     TIME+ COMMAND
  20887 root      20   0 1768520  73192  13996 S  110.0   3.6   3:55.30 ./data-+
[2026-10-02 10:01:22] ------------------------------
top - 10:01:22 up  1:22,  1 user,  load average: 0.45, 0.32, 0.27
Tasks:   1 total,   0 running,   1 sleeping,   0 stopped,   0 zombie
%Cpu(s): 10.5 us,  5.3 sy,  0.0 ni, 78.9 id,  0.0 wa,  0.0 hi,  5.3 si,  0.0 st 
MiB Mem :   1967.8 total,    110.4 free,    457.4 used,   1586.1 buff/cache     
MiB Swap:   6400.0 total,   6383.6 free,     16.4 used.   1510.3 avail Mem 

    PID USER      PR  NI    VIRT    RES    SHR S  %CPU  %MEM     TIME+ COMMAND
  20887 root      20   0 1768520  71800  13996 S  80.0   3.6   3:56.07 ./data-+
[2026-10-02 10:01:23] ------------------------------
top - 10:01:24 up  1:22,  1 user,  load average: 0.45, 0.32, 0.27
Tasks:   1 total,   0 running,   1 sleeping,   0 stopped,   0 zombie
%Cpu(s): 10.0 us,  5.0 sy,  0.0 ni, 80.0 id,  0.0 wa,  0.0 hi,  5.0 si,  0.0 st 
MiB Mem :   1967.8 total,    106.5 free,    459.8 used,   1587.5 buff/cache     
MiB Swap:   6400.0 total,   6383.6 free,     16.4 used.   1508.0 avail Mem 

    PID USER      PR  NI    VIRT    RES    SHR S  %CPU  %MEM     TIME+ COMMAND
  20887 root      20   0 1768520  72040  13996 S  50.0   3.6   3:56.50 ./data-+
[2026-10-02 10:01:25] ------------------------------
top - 10:01:25 up  1:22,  1 user,  load average: 0.45, 0.32, 0.27
Tasks:   1 total,   0 running,   1 sleeping,   0 stopped,   0 zombie
%Cpu(s): 27.3 us,  4.5 sy,  0.0 ni, 63.6 id,  0.0 wa,  0.0 hi,  4.5 si,  0.0 st 
MiB Mem :   1967.8 total,    113.1 free,    452.1 used,   1588.7 buff/cache     
MiB Swap:   6400.0 total,   6383.6 free,     16.4 used.   1515.7 avail Mem 

    PID USER      PR  NI    VIRT    RES    SHR S  %CPU  %MEM     TIME+ COMMAND
  20887 root      20   0 1768520  73800  13996 S  47.3   3.7   3:56.95 ./data-+
[2026-10-02 10:01:26] ------------------------------
top - 10:01:26 up  1:22,  1 user,  load average: 0.45, 0.32, 0.27
Tasks:   1 total,   0 running,   1 sleeping,   0 stopped,   0 zombie
%Cpu(s): 19.0 us,  4.8 sy,  0.0 ni, 76.2 id,  0.0 wa,  0.0 hi,  0.0 si,  0.0 st 
MiB Mem :   1967.8 total,    111.3 free,    452.7 used,   1589.9 buff/cache     
MiB Swap:   6400.0 total,   6383.6 free,     16.4 used.   1515.0 avail Mem 

    PID USER      PR  NI    VIRT    RES    SHR S  %CPU  %MEM     TIME+ COMMAND
  20887 root      20   0 1768520  73804  13996 S  50.0   3.7   3:57.45 ./data-+
[2026-10-02 10:01:27] ------------------------------
top - 10:01:27 up  1:22,  1 user,  load average: 0.42, 0.31, 0.27
Tasks:   1 total,   0 running,   1 sleeping,   0 stopped,   0 zombie
%Cpu(s): 15.0 us, 10.0 sy,  0.0 ni, 75.0 id,  0.0 wa,  0.0 hi,  0.0 si,  0.0 st 
MiB Mem :   1967.8 total,    109.3 free,    453.7 used,   1590.8 buff/cache     
MiB Swap:   6400.0 total,   6383.6 free,     16.4 used.   1514.0 avail Mem 

    PID USER      PR  NI    VIRT    RES    SHR S  %CPU  %MEM     TIME+ COMMAND
  20887 root      20   0 1768520  74388  13996 S  60.0   3.7   3:57.92 ./data-+
[2026-10-02 10:01:28] ------------------------------
top - 10:01:29 up  1:22,  1 user,  load average: 0.42, 0.31, 0.27
Tasks:   1 total,   0 running,   1 sleeping,   0 stopped,   0 zombie
%Cpu(s): 17.4 us,  8.7 sy,  0.0 ni, 69.6 id,  0.0 wa,  0.0 hi,  4.3 si,  0.0 st 
MiB Mem :   1967.8 total,    114.6 free,    447.3 used,   1592.0 buff/cache     
MiB Swap:   6400.0 total,   6383.6 free,     16.4 used.   1520.5 avail Mem 

    PID USER      PR  NI    VIRT    RES    SHR S  %CPU  %MEM     TIME+ COMMAND
  20887 root      20   0 1768520  74388  13996 S  56.4   3.7   3:58.36 ./data-+
[2026-10-02 10:01:30] ------------------------------
top - 10:01:30 up  1:22,  1 user,  load average: 0.42, 0.31, 0.27
Tasks:   1 total,   0 running,   1 sleeping,   0 stopped,   0 zombie
%Cpu(s): 20.0 us, 10.0 sy,  0.0 ni, 65.0 id,  0.0 wa,  0.0 hi,  5.0 si,  0.0 st 
MiB Mem :   1967.8 total,    112.9 free,    447.5 used,   1593.4 buff/cache     
MiB Swap:   6400.0 total,   6383.6 free,     16.4 used.   1520.2 avail Mem 

    PID USER      PR  NI    VIRT    RES    SHR S  %CPU  %MEM     TIME+ COMMAND
  20887 root      20   0 1768520  74388  13996 S  70.0   3.7   3:58.96 ./data-+
[2026-10-02 10:01:31] ------------------------------
top - 10:01:31 up  1:22,  1 user,  load average: 0.42, 0.31, 0.27
Tasks:   1 total,   0 running,   1 sleeping,   0 stopped,   0 zombie
%Cpu(s): 10.0 us, 10.0 sy,  0.0 ni, 80.0 id,  0.0 wa,  0.0 hi,  0.0 si,  0.0 st 
MiB Mem :   1967.8 total,    111.1 free,    447.9 used,   1594.8 buff/cache     
MiB Swap:   6400.0 total,   6383.6 free,     16.4 used.   1519.8 avail Mem 

    PID USER      PR  NI    VIRT    RES    SHR S  %CPU  %MEM     TIME+ COMMAND
  20887 root      20   0 1768520  74392  13996 S  56.4   3.7   3:59.56 ./data-+
[2026-10-02 10:01:32] ------------------------------
top - 10:01:32 up  1:22,  1 user,  load average: 0.38, 0.31, 0.27
Tasks:   1 total,   0 running,   1 sleeping,   0 stopped,   0 zombie
%Cpu(s): 20.0 us,  5.0 sy,  0.0 ni, 70.0 id,  0.0 wa,  0.0 hi,  5.0 si,  0.0 st 
MiB Mem :   1967.8 total,    108.9 free,    449.3 used,   1595.7 buff/cache     
MiB Swap:   6400.0 total,   6383.6 free,     16.4 used.   1518.5 avail Mem 

    PID USER      PR  NI    VIRT    RES    SHR S  %CPU  %MEM     TIME+ COMMAND
  20887 root      20   0 1768520  74396  13996 S  50.0   3.7   3:59.98 ./data-+
[2026-10-02 10:01:33] ------------------------------
top - 10:01:33 up  1:22,  1 user,  load average: 0.38, 0.31, 0.27
Tasks:   1 total,   0 running,   1 sleeping,   0 stopped,   0 zombie
%Cpu(s): 20.0 us, 10.0 sy,  0.0 ni, 70.0 id,  0.0 wa,  0.0 hi,  0.0 si,  0.0 st 
MiB Mem :   1967.8 total,    108.5 free,    448.7 used,   1596.6 buff/cache     
MiB Swap:   6400.0 total,   6383.6 free,     16.4 used.   1519.0 avail Mem 

    PID USER      PR  NI    VIRT    RES    SHR S  %CPU  %MEM     TIME+ COMMAND
  20887 root      20   0 1768520  74396  13996 S  50.0   3.7   4:00.37 ./data-+
[2026-10-02 10:01:34] ------------------------------
top - 10:01:35 up  1:22,  1 user,  load average: 0.38, 0.31, 0.27
Tasks:   1 total,   0 running,   1 sleeping,   0 stopped,   0 zombie
%Cpu(s): 15.8 us, 15.8 sy,  0.0 ni, 63.2 id,  0.0 wa,  0.0 hi,  5.3 si,  0.0 st 
MiB Mem :   1967.8 total,    107.2 free,    448.7 used,   1598.0 buff/cache     
MiB Swap:   6400.0 total,   6383.6 free,     16.4 used.   1519.1 avail Mem 

    PID USER      PR  NI    VIRT    RES    SHR S  %CPU  %MEM     TIME+ COMMAND
  20887 root      20   0 1768520  74400  13996 S  70.0   3.7   4:00.93 ./data-+
[2026-10-02 10:01:36] ------------------------------
top - 10:01:36 up  1:22,  1 user,  load average: 0.38, 0.31, 0.27
Tasks:   1 total,   0 running,   1 sleeping,   0 stopped,   0 zombie
%Cpu(s): 15.0 us, 15.0 sy,  0.0 ni, 70.0 id,  0.0 wa,  0.0 hi,  0.0 si,  0.0 st 
MiB Mem :   1967.8 total,    106.6 free,    447.4 used,   1599.9 buff/cache     
MiB Swap:   6400.0 total,   6383.6 free,     16.4 used.   1520.3 avail Mem 

    PID USER      PR  NI    VIRT    RES    SHR S  %CPU  %MEM     TIME+ COMMAND
  20887 root      20   0 1768520  74404  13996 S  40.0   3.7   4:01.57 ./data-+
[2026-10-02 10:01:37] ------------------------------
top - 10:01:37 up  1:22,  1 user,  load average: 0.35, 0.30, 0.27
Tasks:   1 total,   0 running,   1 sleeping,   0 stopped,   0 zombie
%Cpu(s): 11.8 us,  5.9 sy,  0.0 ni, 76.5 id,  0.0 wa,  0.0 hi,  5.9 si,  0.0 st 
MiB Mem :   1967.8 total,     97.7 free,    454.9 used,   1601.3 buff/cache     
MiB Swap:   6400.0 total,   6383.6 free,     16.4 used.   1512.8 avail Mem 

    PID USER      PR  NI    VIRT    RES    SHR S  %CPU  %MEM     TIME+ COMMAND
  20887 root      20   0 1768520  74444  13996 S  70.0   3.7   4:02.09 ./data-+
[2026-10-02 10:01:38] ------------------------------
top - 10:01:38 up  1:22,  1 user,  load average: 0.35, 0.30, 0.27
Tasks:   1 total,   0 running,   1 sleeping,   0 stopped,   0 zombie
%Cpu(s): 14.3 us, 14.3 sy,  0.0 ni, 66.7 id,  4.8 wa,  0.0 hi,  0.0 si,  0.0 st 
MiB Mem :   1967.8 total,     87.5 free,    463.5 used,   1602.9 buff/cache     
MiB Swap:   6400.0 total,   6383.6 free,     16.4 used.   1504.2 avail Mem 

    PID USER      PR  NI    VIRT    RES    SHR S  %CPU  %MEM     TIME+ COMMAND
  20887 root      20   0 1768520  74444  13996 S  50.0   3.7   4:02.58 ./data-+
[2026-10-02 10:01:39] ------------------------------
top - 10:01:40 up  1:22,  1 user,  load average: 0.35, 0.30, 0.27
Tasks:   1 total,   0 running,   1 sleeping,   0 stopped,   0 zombie
%Cpu(s): 21.1 us,  0.0 sy,  0.0 ni, 73.7 id,  0.0 wa,  0.0 hi,  5.3 si,  0.0 st 
MiB Mem :   1967.8 total,     86.9 free,    462.6 used,   1604.3 buff/cache     
MiB Swap:   6400.0 total,   6383.6 free,     16.4 used.   1505.2 avail Mem 

    PID USER      PR  NI    VIRT    RES    SHR S  %CPU  %MEM     TIME+ COMMAND
  20887 root      20   0 1768520  71804  13996 S  80.0   3.6   4:03.11 ./data-+
[2026-10-02 10:01:41] ------------------------------
top - 10:01:41 up  1:22,  1 user,  load average: 0.35, 0.30, 0.27
Tasks:   1 total,   0 running,   1 sleeping,   0 stopped,   0 zombie
%Cpu(s): 11.8 us,  0.0 sy,  0.0 ni, 82.4 id,  0.0 wa,  0.0 hi,  5.9 si,  0.0 st 
MiB Mem :   1967.8 total,     86.7 free,    461.1 used,   1606.0 buff/cache     
MiB Swap:   6400.0 total,   6383.6 free,     16.4 used.   1506.6 avail Mem 

    PID USER      PR  NI    VIRT    RES    SHR S  %CPU  %MEM     TIME+ COMMAND
  20887 root      20   0 1768520  73364  13996 S  70.0   3.6   4:03.71 ./data-+
[2026-10-02 10:01:42] ------------------------------
top - 10:01:42 up  1:22,  1 user,  load average: 0.40, 0.31, 0.27
Tasks:   1 total,   0 running,   1 sleeping,   0 stopped,   0 zombie
%Cpu(s): 14.3 us,  4.8 sy,  0.0 ni, 81.0 id,  0.0 wa,  0.0 hi,  0.0 si,  0.0 st 
MiB Mem :   1967.8 total,     83.0 free,    463.8 used,   1607.0 buff/cache     
MiB Swap:   6400.0 total,   6383.6 free,     16.4 used.   1503.9 avail Mem 

    PID USER      PR  NI    VIRT    RES    SHR S  %CPU  %MEM     TIME+ COMMAND
  20887 root      20   0 1768520  73364  13996 S  30.0   3.6   4:04.07 ./data-+
[2026-10-02 10:01:43] ------------------------------
top - 10:01:43 up  1:22,  1 user,  load average: 0.40, 0.31, 0.27
Tasks:   1 total,   0 running,   1 sleeping,   0 stopped,   0 zombie
%Cpu(s):  0.0 us,  5.0 sy,  0.0 ni, 90.0 id,  0.0 wa,  0.0 hi,  5.0 si,  0.0 st 
MiB Mem :   1967.8 total,     77.2 free,    469.0 used,   1607.7 buff/cache     
MiB Swap:   6400.0 total,   6383.6 free,     16.4 used.   1498.8 avail Mem 

    PID USER      PR  NI    VIRT    RES    SHR S  %CPU  %MEM     TIME+ COMMAND
  20887 root      20   0 1768520  73924  13996 S  60.0   3.7   4:04.42 ./data-+
[2026-10-02 10:01:44] ------------------------------
top - 10:01:44 up  1:22,  1 user,  load average: 0.40, 0.31, 0.27
Tasks:   1 total,   0 running,   1 sleeping,   0 stopped,   0 zombie
%Cpu(s):  5.0 us, 10.0 sy,  0.0 ni, 80.0 id,  0.0 wa,  0.0 hi,  5.0 si,  0.0 st 
MiB Mem :   1967.8 total,     77.2 free,    468.3 used,   1608.5 buff/cache     
MiB Swap:   6400.0 total,   6383.6 free,     16.4 used.   1499.5 avail Mem 

    PID USER      PR  NI    VIRT    RES    SHR S  %CPU  %MEM     TIME+ COMMAND
  20887 root      20   0 1768520  73924  13996 S  40.0   3.7   4:04.74 ./data-+
[2026-10-02 10:01:45] ------------------------------
top - 10:01:46 up  1:22,  1 user,  load average: 0.40, 0.31, 0.27
Tasks:   1 total,   0 running,   1 sleeping,   0 stopped,   0 zombie
%Cpu(s):  5.9 us,  0.0 sy,  0.0 ni, 94.1 id,  0.0 wa,  0.0 hi,  0.0 si,  0.0 st 
MiB Mem :   1967.8 total,     84.5 free,    460.3 used,   1609.1 buff/cache     
MiB Swap:   6400.0 total,   6383.6 free,     16.4 used.   1507.5 avail Mem 

    PID USER      PR  NI    VIRT    RES    SHR S  %CPU  %MEM     TIME+ COMMAND
  20887 root      20   0 1768520  73924  13996 S  50.0   3.7   4:05.09 ./data-+
[2026-10-02 10:01:47] ------------------------------
top - 10:01:47 up  1:22,  1 user,  load average: 0.45, 0.32, 0.28
Tasks:   1 total,   0 running,   1 sleeping,   0 stopped,   0 zombie
%Cpu(s):  5.3 us,  5.3 sy,  0.0 ni, 89.5 id,  0.0 wa,  0.0 hi,  0.0 si,  0.0 st 
MiB Mem :   1967.8 total,     84.4 free,    459.7 used,   1609.8 buff/cache     
MiB Swap:   6400.0 total,   6383.6 free,     16.4 used.   1508.1 avail Mem 

    PID USER      PR  NI    VIRT    RES    SHR S  %CPU  %MEM     TIME+ COMMAND
  20887 root      20   0 1768520  73932  13996 S  40.0   3.7   4:05.41 ./data-+
[2026-10-02 10:01:48] ------------------------------
top - 10:01:48 up  1:22,  1 user,  load average: 0.45, 0.32, 0.28
Tasks:   1 total,   0 running,   1 sleeping,   0 stopped,   0 zombie
%Cpu(s):  5.0 us, 10.0 sy,  0.0 ni, 80.0 id,  0.0 wa,  0.0 hi,  5.0 si,  0.0 st 
MiB Mem :   1967.8 total,     75.5 free,    467.8 used,   1610.5 buff/cache     
MiB Swap:   6400.0 total,   6383.6 free,     16.4 used.   1499.9 avail Mem 

    PID USER      PR  NI    VIRT    RES    SHR S  %CPU  %MEM     TIME+ COMMAND
  20887 root      20   0 1768520  73932  13996 S  60.0   3.7   4:05.79 ./data-+
[2026-10-02 10:01:49] ------------------------------
top - 10:01:49 up  1:22,  1 user,  load average: 0.45, 0.32, 0.28
Tasks:   1 total,   0 running,   1 sleeping,   0 stopped,   0 zombie
%Cpu(s): 25.0 us, 15.0 sy,  0.0 ni, 60.0 id,  0.0 wa,  0.0 hi,  0.0 si,  0.0 st 
MiB Mem :   1967.8 total,     82.7 free,    459.5 used,   1611.7 buff/cache     
MiB Swap:   6400.0 total,   6383.6 free,     16.4 used.   1508.2 avail Mem 

    PID USER      PR  NI    VIRT    RES    SHR S  %CPU  %MEM     TIME+ COMMAND
  20887 root      20   0 1768520  73932  13996 S  80.0   3.7   4:06.33 ./data-+
[2026-10-02 10:01:50] ------------------------------
top - 10:01:51 up  1:22,  1 user,  load average: 0.45, 0.32, 0.28
Tasks:   1 total,   0 running,   1 sleeping,   0 stopped,   0 zombie
%Cpu(s): 20.0 us, 10.0 sy,  0.0 ni, 65.0 id,  0.0 wa,  0.0 hi,  5.0 si,  0.0 st 
MiB Mem :   1967.8 total,     80.7 free,    459.0 used,   1614.1 buff/cache     
MiB Swap:   6400.0 total,   6383.6 free,     16.4 used.   1508.7 avail Mem 

    PID USER      PR  NI    VIRT    RES    SHR S  %CPU  %MEM     TIME+ COMMAND
  20887 root      20   0 1768520  72836  13996 S  80.0   3.6   4:07.16 ./data-+
[2026-10-02 10:01:52] ------------------------------
top - 10:01:52 up  1:22,  1 user,  load average: 0.42, 0.32, 0.27
Tasks:   1 total,   0 running,   1 sleeping,   0 stopped,   0 zombie
%Cpu(s):  4.8 us,  4.8 sy,  0.0 ni, 85.7 id,  0.0 wa,  0.0 hi,  4.8 si,  0.0 st 
MiB Mem :   1967.8 total,     80.7 free,    457.5 used,   1615.5 buff/cache     
MiB Swap:   6400.0 total,   6383.6 free,     16.4 used.   1510.2 avail Mem 

    PID USER      PR  NI    VIRT    RES    SHR S  %CPU  %MEM     TIME+ COMMAND
  20887 root      20   0 1768520  73796  13996 S  90.0   3.7   4:07.63 ./data-+
[2026-10-02 10:01:53] ------------------------------
top - 10:01:53 up  1:22,  1 user,  load average: 0.42, 0.32, 0.27
Tasks:   1 total,   0 running,   1 sleeping,   0 stopped,   0 zombie
%Cpu(s):  0.0 us,  0.0 sy,  0.0 ni, 88.9 id,  0.0 wa,  0.0 hi, 11.1 si,  0.0 st 
MiB Mem :   1967.8 total,     75.6 free,    461.0 used,   1617.2 buff/cache     
MiB Swap:   6400.0 total,   6383.6 free,     16.4 used.   1506.8 avail Mem 

    PID USER      PR  NI    VIRT    RES    SHR S  %CPU  %MEM     TIME+ COMMAND
  20887 root      20   0 1768520  69468  13996 S  90.0   3.4   4:08.19 ./data-+
[2026-10-02 10:01:54] ------------------------------
top - 10:01:54 up  1:22,  1 user,  load average: 0.42, 0.32, 0.27
Tasks:   1 total,   0 running,   1 sleeping,   0 stopped,   0 zombie
%Cpu(s):  5.6 us,  5.6 sy,  0.0 ni, 83.3 id,  0.0 wa,  0.0 hi,  5.6 si,  0.0 st 
MiB Mem :   1967.8 total,     75.4 free,    460.0 used,   1618.6 buff/cache     
MiB Swap:   6400.0 total,   6383.6 free,     16.4 used.   1507.8 avail Mem 

    PID USER      PR  NI    VIRT    RES    SHR S  %CPU  %MEM     TIME+ COMMAND
  20887 root      20   0 1768520  71036  13996 S  60.0   3.5   4:08.68 ./data-+
[2026-10-02 10:01:55] ------------------------------
top - 10:01:55 up  1:22,  1 user,  load average: 0.42, 0.32, 0.27
Tasks:   1 total,   0 running,   1 sleeping,   0 stopped,   0 zombie
%Cpu(s): 11.1 us, 16.7 sy,  0.0 ni, 66.7 id,  0.0 wa,  0.0 hi,  5.6 si,  0.0 st 
MiB Mem :   1967.8 total,     73.2 free,    460.4 used,   1620.3 buff/cache     
MiB Swap:   6400.0 total,   6383.6 free,     16.4 used.   1507.3 avail Mem 

    PID USER      PR  NI    VIRT    RES    SHR S  %CPU  %MEM     TIME+ COMMAND
  20887 root      20   0 1768520  73156  13996 S  50.0   3.6   4:09.28 ./data-+
[2026-10-02 10:01:56] ------------------------------
top - 10:01:57 up  1:22,  1 user,  load average: 0.38, 0.31, 0.27
Tasks:   1 total,   0 running,   1 sleeping,   0 stopped,   0 zombie
%Cpu(s): 13.6 us,  9.1 sy,  0.0 ni, 72.7 id,  0.0 wa,  0.0 hi,  4.5 si,  0.0 st 
MiB Mem :   1967.8 total,     71.3 free,    461.1 used,   1621.5 buff/cache     
MiB Swap:   6400.0 total,   6383.6 free,     16.4 used.   1506.6 avail Mem 

    PID USER      PR  NI    VIRT    RES    SHR S  %CPU  %MEM     TIME+ COMMAND
  20887 root      20   0 1768520  69876  13996 S  40.0   3.5   4:09.74 ./data-+
[2026-10-02 10:01:58] ------------------------------
top - 10:01:58 up  1:22,  1 user,  load average: 0.38, 0.31, 0.27
Tasks:   1 total,   0 running,   1 sleeping,   0 stopped,   0 zombie
%Cpu(s): 10.0 us,  5.0 sy,  0.0 ni, 85.0 id,  0.0 wa,  0.0 hi,  0.0 si,  0.0 st 
MiB Mem :   1967.8 total,     73.1 free,    469.2 used,   1611.5 buff/cache     
MiB Swap:   6400.0 total,   6383.6 free,     16.4 used.   1498.6 avail Mem 

    PID USER      PR  NI    VIRT    RES    SHR S  %CPU  %MEM     TIME+ COMMAND
  20887 root      20   0 1768520  72040  13996 S  50.0   3.6   4:10.10 ./data-+
[2026-10-02 10:01:59] ------------------------------
top - 10:01:59 up  1:22,  1 user,  load average: 0.38, 0.31, 0.27
Tasks:   1 total,   0 running,   1 sleeping,   0 stopped,   0 zombie
%Cpu(s): 14.3 us,  4.8 sy,  0.0 ni, 76.2 id,  0.0 wa,  0.0 hi,  4.8 si,  0.0 st 
MiB Mem :   1967.8 total,     72.4 free,    469.1 used,   1612.3 buff/cache     
MiB Swap:   6400.0 total,   6383.6 free,     16.4 used.   1498.7 avail Mem 

    PID USER      PR  NI    VIRT    RES    SHR S  %CPU  %MEM     TIME+ COMMAND
  20887 root      20   0 1768520  72112  13996 S  60.0   3.6   4:10.43 ./data-+
[2026-10-02 10:02:00] ------------------------------
top - 10:02:00 up  1:22,  1 user,  load average: 0.38, 0.31, 0.27
Tasks:   1 total,   0 running,   1 sleeping,   0 stopped,   0 zombie
%Cpu(s):  5.3 us,  5.3 sy,  0.0 ni, 84.2 id,  0.0 wa,  0.0 hi,  5.3 si,  0.0 st 
MiB Mem :   1967.8 total,     80.9 free,    460.0 used,   1613.0 buff/cache     
MiB Swap:   6400.0 total,   6383.6 free,     16.4 used.   1507.8 avail Mem 

    PID USER      PR  NI    VIRT    RES    SHR S  %CPU  %MEM     TIME+ COMMAND
  20887 root      20   0 1768520  72112  13996 S  50.0   3.6   4:10.79 ./data-+
[2026-10-02 10:02:01] ------------------------------
top - 10:02:02 up  1:22,  1 user,  load average: 0.38, 0.31, 0.27
Tasks:   1 total,   0 running,   1 sleeping,   0 stopped,   0 zombie
%Cpu(s): 10.5 us,  0.0 sy,  0.0 ni, 84.2 id,  0.0 wa,  0.0 hi,  5.3 si,  0.0 st 
MiB Mem :   1967.8 total,     81.1 free,    459.1 used,   1613.7 buff/cache     
MiB Swap:   6400.0 total,   6383.6 free,     16.4 used.   1508.7 avail Mem 

    PID USER      PR  NI    VIRT    RES    SHR S  %CPU  %MEM     TIME+ COMMAND
  20887 root      20   0 1768520  72160  13996 S  30.0   3.6   4:11.16 ./data-+
[2026-10-02 10:02:03] ------------------------------
top - 10:02:03 up  1:23,  1 user,  load average: 0.43, 0.33, 0.28
Tasks:   1 total,   0 running,   1 sleeping,   0 stopped,   0 zombie
%Cpu(s): 26.3 us, 31.6 sy,  0.0 ni, 36.8 id,  0.0 wa,  0.0 hi,  5.3 si,  0.0 st 
MiB Mem :   1967.8 total,     77.2 free,    462.3 used,   1614.3 buff/cache     
MiB Swap:   6400.0 total,   6383.6 free,     16.4 used.   1505.5 avail Mem 

    PID USER      PR  NI    VIRT    RES    SHR S  %CPU  %MEM     TIME+ COMMAND
  20887 root      20   0 1768520  72292  13996 S  50.0   3.6   4:11.50 ./data-+
[2026-10-02 10:02:04] ------------------------------
top - 10:02:04 up  1:23,  1 user,  load average: 0.43, 0.33, 0.28
Tasks:   1 total,   0 running,   1 sleeping,   0 stopped,   0 zombie
%Cpu(s): 10.0 us,  5.0 sy,  0.0 ni, 80.0 id,  0.0 wa,  0.0 hi,  0.0 si,  5.0 st 
MiB Mem :   1967.8 total,     76.3 free,    462.4 used,   1615.1 buff/cache     
MiB Swap:   6400.0 total,   6383.6 free,     16.4 used.   1505.3 avail Mem 

    PID USER      PR  NI    VIRT    RES    SHR S  %CPU  %MEM     TIME+ COMMAND
  20887 root      20   0 1768520  72860  13996 S  60.0   3.6   4:11.90 ./data-+
[2026-10-02 10:02:05] ------------------------------
top - 10:02:05 up  1:23,  1 user,  load average: 0.43, 0.33, 0.28
Tasks:   1 total,   0 running,   1 sleeping,   0 stopped,   0 zombie
%Cpu(s): 28.6 us, 19.0 sy,  0.0 ni, 47.6 id,  0.0 wa,  0.0 hi,  4.8 si,  0.0 st 
MiB Mem :   1967.8 total,     74.1 free,    462.7 used,   1617.0 buff/cache     
MiB Swap:   6400.0 total,   6383.6 free,     16.4 used.   1505.0 avail Mem 

    PID USER      PR  NI    VIRT    RES    SHR S  %CPU  %MEM     TIME+ COMMAND
  20887 root      20   0 1768520  71676  13996 S  65.5   3.6   4:12.73 ./data-+
[2026-10-02 10:02:06] ------------------------------
top - 10:02:06 up  1:23,  1 user,  load average: 0.43, 0.33, 0.28
Tasks:   1 total,   0 running,   1 sleeping,   0 stopped,   0 zombie
%Cpu(s): 22.2 us,  0.0 sy,  0.0 ni, 77.8 id,  0.0 wa,  0.0 hi,  0.0 si,  0.0 st 
MiB Mem :   1967.8 total,     72.6 free,    462.6 used,   1618.6 buff/cache     
MiB Swap:   6400.0 total,   6383.6 free,     16.4 used.   1505.1 avail Mem 

    PID USER      PR  NI    VIRT    RES    SHR S  %CPU  %MEM     TIME+ COMMAND
  20887 root      20   0 1768520  73128  13996 S  40.0   3.6   4:13.32 ./data-+
[2026-10-02 10:02:07] ------------------------------
top - 10:02:08 up  1:23,  1 user,  load average: 0.40, 0.32, 0.27
Tasks:   1 total,   0 running,   1 sleeping,   0 stopped,   0 zombie
%Cpu(s): 30.0 us, 35.0 sy,  0.0 ni, 30.0 id,  0.0 wa,  0.0 hi,  5.0 si,  0.0 st 
MiB Mem :   1967.8 total,    100.5 free,    454.2 used,   1599.1 buff/cache     
MiB Swap:   6400.0 total,   6383.6 free,     16.4 used.   1513.6 avail Mem 

    PID USER      PR  NI    VIRT    RES    SHR S  %CPU  %MEM     TIME+ COMMAND
  20887 root      20   0 1768520  74384  13996 S  70.0   3.7   4:13.87 ./data-+
[2026-10-02 10:02:09] ------------------------------
top - 10:02:09 up  1:23,  1 user,  load average: 0.40, 0.32, 0.27
Tasks:   1 total,   0 running,   1 sleeping,   0 stopped,   0 zombie
%Cpu(s): 10.0 us, 10.0 sy,  0.0 ni, 80.0 id,  0.0 wa,  0.0 hi,  0.0 si,  0.0 st 
MiB Mem :   1967.8 total,     95.4 free,    458.3 used,   1600.2 buff/cache     
MiB Swap:   6400.0 total,   6383.6 free,     16.4 used.   1509.5 avail Mem 

    PID USER      PR  NI    VIRT    RES    SHR S  %CPU  %MEM     TIME+ COMMAND
  20887 root      20   0 1768520  74384  13996 S  50.0   3.7   4:14.38 ./data-+
[2026-10-02 10:02:10] ------------------------------
top - 10:02:10 up  1:23,  1 user,  load average: 0.40, 0.32, 0.27
Tasks:   1 total,   0 running,   1 sleeping,   0 stopped,   0 zombie
%Cpu(s): 10.0 us, 10.0 sy,  0.0 ni, 75.0 id,  0.0 wa,  0.0 hi,  5.0 si,  0.0 st 
MiB Mem :   1967.8 total,     94.1 free,    458.3 used,   1601.4 buff/cache     
MiB Swap:   6400.0 total,   6383.6 free,     16.4 used.   1509.4 avail Mem 

    PID USER      PR  NI    VIRT    RES    SHR S  %CPU  %MEM     TIME+ COMMAND
  20887 root      20   0 1768520  72416  13996 S  80.0   3.6   4:14.86 ./data-+
[2026-10-02 10:02:11] ------------------------------
top - 10:02:11 up  1:23,  1 user,  load average: 0.40, 0.32, 0.27
Tasks:   1 total,   0 running,   1 sleeping,   0 stopped,   0 zombie
%Cpu(s): 12.5 us,  8.3 sy,  0.0 ni, 70.8 id,  0.0 wa,  0.0 hi,  8.3 si,  0.0 st 
MiB Mem :   1967.8 total,     93.3 free,    458.0 used,   1602.6 buff/cache     
MiB Swap:   6400.0 total,   6383.6 free,     16.4 used.   1509.7 avail Mem 

    PID USER      PR  NI    VIRT    RES    SHR S  %CPU  %MEM     TIME+ COMMAND
  20887 root      20   0 1768520  72748  13996 S  70.0   3.6   4:15.32 ./data-+
[2026-10-02 10:02:12] ------------------------------
top - 10:02:12 up  1:23,  1 user,  load average: 0.45, 0.33, 0.28
Tasks:   1 total,   0 running,   1 sleeping,   0 stopped,   0 zombie
%Cpu(s): 10.0 us,  5.0 sy,  0.0 ni, 85.0 id,  0.0 wa,  0.0 hi,  0.0 si,  0.0 st 
MiB Mem :   1967.8 total,     99.5 free,    450.8 used,   1603.6 buff/cache     
MiB Swap:   6400.0 total,   6383.6 free,     16.4 used.   1517.0 avail Mem 

    PID USER      PR  NI    VIRT    RES    SHR S  %CPU  %MEM     TIME+ COMMAND
  20887 root      20   0 1768520  68936  13996 S  50.0   3.4   4:15.72 ./data-+
[2026-10-02 10:02:13] ------------------------------
top - 10:02:14 up  1:23,  1 user,  load average: 0.45, 0.33, 0.28
Tasks:   1 total,   0 running,   1 sleeping,   0 stopped,   0 zombie
%Cpu(s): 13.6 us,  9.1 sy,  0.0 ni, 77.3 id,  0.0 wa,  0.0 hi,  0.0 si,  0.0 st 
MiB Mem :   1967.8 total,     93.3 free,    455.8 used,   1604.8 buff/cache     
MiB Swap:   6400.0 total,   6383.6 free,     16.4 used.   1512.0 avail Mem 

    PID USER      PR  NI    VIRT    RES    SHR S  %CPU  %MEM     TIME+ COMMAND
  20887 root      20   0 1768520  73164  13996 S  60.0   3.6   4:16.18 ./data-+
[2026-10-02 10:02:15] ------------------------------
top - 10:02:15 up  1:23,  1 user,  load average: 0.45, 0.33, 0.28
Tasks:   1 total,   0 running,   1 sleeping,   0 stopped,   0 zombie
%Cpu(s): 23.8 us,  9.5 sy,  0.0 ni, 66.7 id,  0.0 wa,  0.0 hi,  0.0 si,  0.0 st 
MiB Mem :   1967.8 total,     93.3 free,    454.6 used,   1606.1 buff/cache     
MiB Swap:   6400.0 total,   6383.6 free,     16.4 used.   1513.2 avail Mem 

    PID USER      PR  NI    VIRT    RES    SHR S  %CPU  %MEM     TIME+ COMMAND
  20887 root      20   0 1768520  73168  13996 S  60.0   3.6   4:16.67 ./data-+
[2026-10-02 10:02:16] ------------------------------
top - 10:02:16 up  1:23,  1 user,  load average: 0.45, 0.33, 0.28
Tasks:   1 total,   0 running,   1 sleeping,   0 stopped,   0 zombie
%Cpu(s):  0.0 us, 10.5 sy,  0.0 ni, 84.2 id,  0.0 wa,  0.0 hi,  5.3 si,  0.0 st 
MiB Mem :   1967.8 total,     90.6 free,    456.1 used,   1607.2 buff/cache     
MiB Swap:   6400.0 total,   6383.6 free,     16.4 used.   1511.6 avail Mem 

    PID USER      PR  NI    VIRT    RES    SHR S  %CPU  %MEM     TIME+ COMMAND
  20887 root      20   0 1768520  73172  13996 S  38.2   3.6   4:17.11 ./data-+
[2026-10-02 10:02:17] ------------------------------
top - 10:02:17 up  1:23,  1 user,  load average: 0.41, 0.33, 0.28
Tasks:   1 total,   0 running,   1 sleeping,   0 stopped,   0 zombie
%Cpu(s): 15.8 us,  5.3 sy,  0.0 ni, 73.7 id,  0.0 wa,  0.0 hi,  5.3 si,  0.0 st 
MiB Mem :   1967.8 total,     89.9 free,    455.9 used,   1608.1 buff/cache     
MiB Swap:   6400.0 total,   6383.6 free,     16.4 used.   1511.8 avail Mem 

    PID USER      PR  NI    VIRT    RES    SHR S  %CPU  %MEM     TIME+ COMMAND
  20887 root      20   0 1768520  73172  13996 S  40.0   3.6   4:17.44 ./data-+
[2026-10-02 10:02:18] ------------------------------
top - 10:02:19 up  1:23,  1 user,  load average: 0.41, 0.33, 0.28
Tasks:   1 total,   0 running,   1 sleeping,   0 stopped,   0 zombie
%Cpu(s): 10.5 us,  0.0 sy,  0.0 ni, 84.2 id,  0.0 wa,  0.0 hi,  5.3 si,  0.0 st 
MiB Mem :   1967.8 total,     81.2 free,    463.3 used,   1609.3 buff/cache     
MiB Swap:   6400.0 total,   6383.6 free,     16.4 used.   1504.4 avail Mem 

    PID USER      PR  NI    VIRT    RES    SHR S  %CPU  %MEM     TIME+ COMMAND
  20887 root      20   0 1768520  73192  13996 S  60.0   3.6   4:17.85 ./data-+
[2026-10-02 10:02:20] ------------------------------
top - 10:02:20 up  1:23,  1 user,  load average: 0.41, 0.33, 0.28
Tasks:   1 total,   0 running,   1 sleeping,   0 stopped,   0 zombie
%Cpu(s): 11.8 us,  0.0 sy,  0.0 ni, 82.4 id,  0.0 wa,  0.0 hi,  5.9 si,  0.0 st 
MiB Mem :   1967.8 total,     78.1 free,    464.8 used,   1611.0 buff/cache     
MiB Swap:   6400.0 total,   6383.6 free,     16.4 used.   1502.9 avail Mem 

    PID USER      PR  NI    VIRT    RES    SHR S  %CPU  %MEM     TIME+ COMMAND
  20887 root      20   0 1768520  72056  13996 S  80.0   3.6   4:18.45 ./data-+
[2026-10-02 10:02:21] ------------------------------
top - 10:02:21 up  1:23,  1 user,  load average: 0.41, 0.33, 0.28
Tasks:   1 total,   0 running,   1 sleeping,   0 stopped,   0 zombie
%Cpu(s): 14.3 us,  0.0 sy,  0.0 ni, 81.0 id,  0.0 wa,  0.0 hi,  4.8 si,  0.0 st 
MiB Mem :   1967.8 total,     77.8 free,    463.9 used,   1612.1 buff/cache     
MiB Swap:   6400.0 total,   6383.6 free,     16.4 used.   1503.9 avail Mem 

    PID USER      PR  NI    VIRT    RES    SHR S  %CPU  %MEM     TIME+ COMMAND
  20887 root      20   0 1768520  68712  13996 S  50.0   3.4   4:18.92 ./data-+
[2026-10-02 10:02:22] ------------------------------
top - 10:02:22 up  1:23,  1 user,  load average: 0.38, 0.32, 0.27
Tasks:   1 total,   0 running,   1 sleeping,   0 stopped,   0 zombie
%Cpu(s): 10.0 us, 10.0 sy,  0.0 ni, 70.0 id,  0.0 wa,  0.0 hi, 10.0 si,  0.0 st 
MiB Mem :   1967.8 total,     77.2 free,    463.7 used,   1613.0 buff/cache     
MiB Swap:   6400.0 total,   6383.6 free,     16.4 used.   1504.1 avail Mem 

    PID USER      PR  NI    VIRT    RES    SHR S  %CPU  %MEM     TIME+ COMMAND
  20887 root      20   0 1768520  70768  13996 S  40.0   3.5   4:19.30 ./data-+
[2026-10-02 10:02:23] ------------------------------
top - 10:02:23 up  1:23,  1 user,  load average: 0.38, 0.32, 0.27
Tasks:   1 total,   0 running,   1 sleeping,   0 stopped,   0 zombie
%Cpu(s):  5.3 us,  5.3 sy,  0.0 ni, 89.5 id,  0.0 wa,  0.0 hi,  0.0 si,  0.0 st 
MiB Mem :   1967.8 total,     80.2 free,    460.0 used,   1613.7 buff/cache     
MiB Swap:   6400.0 total,   6383.6 free,     16.4 used.   1507.7 avail Mem 

    PID USER      PR  NI    VIRT    RES    SHR S  %CPU  %MEM     TIME+ COMMAND
  20887 root      20   0 1768520  70976  13996 S  40.0   3.5   4:19.63 ./data-+
[2026-10-02 10:02:24] ------------------------------
top - 10:02:25 up  1:23,  1 user,  load average: 0.38, 0.32, 0.27
Tasks:   1 total,   0 running,   1 sleeping,   0 stopped,   0 zombie
%Cpu(s):  5.3 us, 10.5 sy,  0.0 ni, 84.2 id,  0.0 wa,  0.0 hi,  0.0 si,  0.0 st 
MiB Mem :   1967.8 total,     78.8 free,    460.8 used,   1614.3 buff/cache     
MiB Swap:   6400.0 total,   6383.6 free,     16.4 used.   1506.9 avail Mem 

    PID USER      PR  NI    VIRT    RES    SHR S  %CPU  %MEM     TIME+ COMMAND
  20887 root      20   0 1768520  72344  13996 S  60.0   3.6   4:19.99 ./data-+
[2026-10-02 10:02:26] ------------------------------
top - 10:02:26 up  1:23,  1 user,  load average: 0.38, 0.32, 0.27
Tasks:   1 total,   0 running,   1 sleeping,   0 stopped,   0 zombie
%Cpu(s):  0.0 us,  5.6 sy,  0.0 ni, 94.4 id,  0.0 wa,  0.0 hi,  0.0 si,  0.0 st 
MiB Mem :   1967.8 total,     78.6 free,    460.3 used,   1614.9 buff/cache     
MiB Swap:   6400.0 total,   6383.6 free,     16.4 used.   1507.4 avail Mem 

    PID USER      PR  NI    VIRT    RES    SHR S  %CPU  %MEM     TIME+ COMMAND
  20887 root      20   0 1768520  73056  13996 S  40.0   3.6   4:20.34 ./data-+
[2026-10-02 10:02:27] ------------------------------
top - 10:02:27 up  1:23,  1 user,  load average: 0.35, 0.31, 0.27
Tasks:   1 total,   0 running,   1 sleeping,   0 stopped,   0 zombie
%Cpu(s): 28.6 us,  4.8 sy,  0.0 ni, 61.9 id,  0.0 wa,  0.0 hi,  4.8 si,  0.0 st 
MiB Mem :   1967.8 total,     78.6 free,    459.7 used,   1615.7 buff/cache     
MiB Swap:   6400.0 total,   6383.6 free,     16.4 used.   1508.1 avail Mem 

    PID USER      PR  NI    VIRT    RES    SHR S  %CPU  %MEM     TIME+ COMMAND
  20887 root      20   0 1768520  73056  13996 S  50.0   3.6   4:20.72 ./data-+
[2026-10-02 10:02:28] ------------------------------
top - 10:02:28 up  1:23,  1 user,  load average: 0.35, 0.31, 0.27
Tasks:   1 total,   0 running,   1 sleeping,   0 stopped,   0 zombie
%Cpu(s): 26.3 us, 15.8 sy,  0.0 ni, 52.6 id,  0.0 wa,  0.0 hi,  5.3 si,  0.0 st 
MiB Mem :   1967.8 total,     75.4 free,    460.9 used,   1617.7 buff/cache     
MiB Swap:   6400.0 total,   6383.6 free,     16.4 used.   1506.9 avail Mem 

    PID USER      PR  NI    VIRT    RES    SHR S  %CPU  %MEM     TIME+ COMMAND
  20887 root      20   0 1768520  70784  13996 S  80.0   3.5   4:21.45 ./data-+
[2026-10-02 10:02:29] ------------------------------
top - 10:02:30 up  1:23,  1 user,  load average: 0.35, 0.31, 0.27
Tasks:   1 total,   0 running,   1 sleeping,   0 stopped,   0 zombie
%Cpu(s): 33.3 us,  4.8 sy,  0.0 ni, 52.4 id,  0.0 wa,  0.0 hi,  9.5 si,  0.0 st 
MiB Mem :   1967.8 total,     75.1 free,    458.6 used,   1620.2 buff/cache     
MiB Swap:   6400.0 total,   6383.6 free,     16.4 used.   1509.2 avail Mem 

    PID USER      PR  NI    VIRT    RES    SHR S  %CPU  %MEM     TIME+ COMMAND
  20887 root      20   0 1768520  73048  13996 S  101.8   3.6   4:22.38 ./data-+
[2026-10-02 10:02:31] ------------------------------
top - 10:02:31 up  1:23,  1 user,  load average: 0.35, 0.31, 0.27
Tasks:   1 total,   0 running,   1 sleeping,   0 stopped,   0 zombie
%Cpu(s): 30.0 us,  5.0 sy,  0.0 ni, 60.0 id,  0.0 wa,  0.0 hi,  5.0 si,  0.0 st 
MiB Mem :   1967.8 total,     72.7 free,    458.4 used,   1622.9 buff/cache     
MiB Swap:   6400.0 total,   6383.6 free,     16.4 used.   1509.4 avail Mem 

    PID USER      PR  NI    VIRT    RES    SHR S  %CPU  %MEM     TIME+ COMMAND
  20887 root      20   0 1768520  73208  13996 S  83.6   3.6   4:23.26 ./data-+
[2026-10-02 10:02:32] ------------------------------
top - 10:02:32 up  1:23,  1 user,  load average: 0.32, 0.31, 0.27
Tasks:   1 total,   0 running,   1 sleeping,   0 stopped,   0 zombie
%Cpu(s):  5.3 us,  0.0 sy,  0.0 ni, 89.5 id,  0.0 wa,  0.0 hi,  5.3 si,  0.0 st 
MiB Mem :   1967.8 total,     70.4 free,    459.2 used,   1624.2 buff/cache     
MiB Swap:   6400.0 total,   6383.6 free,     16.4 used.   1508.6 avail Mem 

    PID USER      PR  NI    VIRT    RES    SHR S  %CPU  %MEM     TIME+ COMMAND
  20887 root      20   0 1768520  73208  13996 S  90.0   3.6   4:23.76 ./data-+
[2026-10-02 10:02:33] ------------------------------
top - 10:02:33 up  1:23,  1 user,  load average: 0.32, 0.31, 0.27
Tasks:   1 total,   0 running,   1 sleeping,   0 stopped,   0 zombie
%Cpu(s): 18.2 us,  9.1 sy,  0.0 ni, 68.2 id,  0.0 wa,  0.0 hi,  4.5 si,  0.0 st 
MiB Mem :   1967.8 total,     95.9 free,    458.8 used,   1599.2 buff/cache     
MiB Swap:   6400.0 total,   6383.6 free,     16.4 used.   1509.0 avail Mem 

    PID USER      PR  NI    VIRT    RES    SHR S  %CPU  %MEM     TIME+ COMMAND
  20887 root      20   0 1768520  73888  13996 S  60.0   3.7   4:24.20 ./data-+
[2026-10-02 10:02:34] ------------------------------
top - 10:02:34 up  1:23,  1 user,  load average: 0.32, 0.31, 0.27
Tasks:   1 total,   0 running,   1 sleeping,   0 stopped,   0 zombie
%Cpu(s): 16.7 us, 16.7 sy,  0.0 ni, 66.7 id,  0.0 wa,  0.0 hi,  0.0 si,  0.0 st 
MiB Mem :   1967.8 total,     92.2 free,    460.8 used,   1600.9 buff/cache     
MiB Swap:   6400.0 total,   6383.6 free,     16.4 used.   1506.9 avail Mem 

    PID USER      PR  NI    VIRT    RES    SHR S  %CPU  %MEM     TIME+ COMMAND
  20887 root      20   0 1768520  72056  13996 S  70.0   3.6   4:24.76 ./data-+
[2026-10-02 10:02:35] ------------------------------
top - 10:02:36 up  1:23,  1 user,  load average: 0.32, 0.31, 0.27
Tasks:   1 total,   0 running,   1 sleeping,   0 stopped,   0 zombie
%Cpu(s):  0.0 us,  5.3 sy,  0.0 ni, 89.5 id,  0.0 wa,  0.0 hi,  5.3 si,  0.0 st 
MiB Mem :   1967.8 total,     92.0 free,    459.6 used,   1602.2 buff/cache     
MiB Swap:   6400.0 total,   6383.6 free,     16.4 used.   1508.1 avail Mem 

    PID USER      PR  NI    VIRT    RES    SHR S  %CPU  %MEM     TIME+ COMMAND
  20887 root      20   0 1768520  72588  13996 S  50.0   3.6   4:25.25 ./data-+
[2026-10-02 10:02:37] ------------------------------
top - 10:02:37 up  1:23,  1 user,  load average: 0.37, 0.32, 0.27
Tasks:   1 total,   0 running,   1 sleeping,   0 stopped,   0 zombie
%Cpu(s):  5.3 us,  5.3 sy,  0.0 ni, 84.2 id,  0.0 wa,  0.0 hi,  5.3 si,  0.0 st 
MiB Mem :   1967.8 total,     90.2 free,    460.6 used,   1603.1 buff/cache     
MiB Swap:   6400.0 total,   6383.6 free,     16.4 used.   1507.2 avail Mem 

    PID USER      PR  NI    VIRT    RES    SHR S  %CPU  %MEM     TIME+ COMMAND
  20887 root      20   0 1768520  69104  13996 S  60.0   3.4   4:25.67 ./data-+
[2026-10-02 10:02:38] ------------------------------
top - 10:02:38 up  1:23,  1 user,  load average: 0.37, 0.32, 0.27
Tasks:   1 total,   0 running,   1 sleeping,   0 stopped,   0 zombie
%Cpu(s): 10.5 us,  5.3 sy,  0.0 ni, 84.2 id,  0.0 wa,  0.0 hi,  0.0 si,  0.0 st 
MiB Mem :   1967.8 total,     90.0 free,    460.0 used,   1603.9 buff/cache     
MiB Swap:   6400.0 total,   6383.6 free,     16.4 used.   1507.7 avail Mem 

    PID USER      PR  NI    VIRT    RES    SHR S  %CPU  %MEM     TIME+ COMMAND
  20887 root      20   0 1768520  74416  13996 S  50.0   3.7   4:26.03 ./data-+
[2026-10-02 10:02:39] ------------------------------
top - 10:02:39 up  1:23,  1 user,  load average: 0.37, 0.32, 0.27
Tasks:   1 total,   0 running,   1 sleeping,   0 stopped,   0 zombie
%Cpu(s): 31.6 us,  5.3 sy,  0.0 ni, 52.6 id,  0.0 wa,  0.0 hi, 10.5 si,  0.0 st 
MiB Mem :   1967.8 total,     86.1 free,    462.5 used,   1605.3 buff/cache     
MiB Swap:   6400.0 total,   6383.6 free,     16.4 used.   1505.2 avail Mem 

    PID USER      PR  NI    VIRT    RES    SHR S  %CPU  %MEM     TIME+ COMMAND
  20887 root      20   0 1768520  72520  13996 S  90.0   3.6   4:26.72 ./data-+
[2026-10-02 10:02:40] ------------------------------
top - 10:02:41 up  1:23,  1 user,  load average: 0.37, 0.32, 0.27
Tasks:   1 total,   0 running,   1 sleeping,   0 stopped,   0 zombie
%Cpu(s): 21.1 us, 10.5 sy,  0.0 ni, 57.9 id,  0.0 wa,  0.0 hi, 10.5 si,  0.0 st 
MiB Mem :   1967.8 total,     85.9 free,    460.3 used,   1607.7 buff/cache     
MiB Swap:   6400.0 total,   6383.6 free,     16.4 used.   1507.5 avail Mem 

    PID USER      PR  NI    VIRT    RES    SHR S  %CPU  %MEM     TIME+ COMMAND
  20887 root      20   0 1768520  74328  13996 S  110.0   3.7   4:27.61 ./data-+
[2026-10-02 10:02:42] ------------------------------
top - 10:02:42 up  1:23,  1 user,  load average: 0.50, 0.35, 0.28
Tasks:   1 total,   0 running,   1 sleeping,   0 stopped,   0 zombie
%Cpu(s):  5.3 us,  5.3 sy,  0.0 ni, 89.5 id,  0.0 wa,  0.0 hi,  0.0 si,  0.0 st 
MiB Mem :   1967.8 total,     85.4 free,    459.2 used,   1609.3 buff/cache     
MiB Swap:   6400.0 total,   6383.6 free,     16.4 used.   1508.6 avail Mem 

    PID USER      PR  NI    VIRT    RES    SHR S  %CPU  %MEM     TIME+ COMMAND
  20887 root      20   0 1768520  74328  13996 S  70.0   3.7   4:28.21 ./data-+
[2026-10-02 10:02:43] ------------------------------
top - 10:02:43 up  1:23,  1 user,  load average: 0.50, 0.35, 0.28
Tasks:   1 total,   0 running,   1 sleeping,   0 stopped,   0 zombie
%Cpu(s):  0.0 us,  5.9 sy,  0.0 ni, 94.1 id,  0.0 wa,  0.0 hi,  0.0 si,  0.0 st 
MiB Mem :   1967.8 total,     79.0 free,    463.9 used,   1611.0 buff/cache     
MiB Swap:   6400.0 total,   6383.6 free,     16.4 used.   1503.9 avail Mem 

    PID USER      PR  NI    VIRT    RES    SHR S  %CPU  %MEM     TIME+ COMMAND
  20887 root      20   0 1768520  74384  13996 S  60.0   3.7   4:28.73 ./data-+
[2026-10-02 10:02:44] ------------------------------
top - 10:02:44 up  1:23,  1 user,  load average: 0.50, 0.35, 0.28
Tasks:   1 total,   0 running,   1 sleeping,   0 stopped,   0 zombie
%Cpu(s): 14.3 us,  9.5 sy,  0.0 ni, 66.7 id,  0.0 wa,  0.0 hi,  9.5 si,  0.0 st 
MiB Mem :   1967.8 total,     78.3 free,    463.5 used,   1612.1 buff/cache     
MiB Swap:   6400.0 total,   6383.6 free,     16.4 used.   1504.3 avail Mem 

    PID USER      PR  NI    VIRT    RES    SHR S  %CPU  %MEM     TIME+ COMMAND
  20887 root      20   0 1768520  74416  13996 S  50.0   3.7   4:29.18 ./data-+
[2026-10-02 10:02:45] ------------------------------
top - 10:02:45 up  1:23,  1 user,  load average: 0.50, 0.35, 0.28
Tasks:   1 total,   0 running,   1 sleeping,   0 stopped,   0 zombie
%Cpu(s): 16.7 us,  5.6 sy,  0.0 ni, 77.8 id,  0.0 wa,  0.0 hi,  0.0 si,  0.0 st 
MiB Mem :   1967.8 total,     78.3 free,    462.6 used,   1613.1 buff/cache     
MiB Swap:   6400.0 total,   6383.6 free,     16.4 used.   1505.2 avail Mem 

    PID USER      PR  NI    VIRT    RES    SHR S  %CPU  %MEM     TIME+ COMMAND
  20887 root      20   0 1768520  74416  13996 S  40.0   3.7   4:29.56 ./data-+
[2026-10-02 10:02:46] ------------------------------
top - 10:02:47 up  1:23,  1 user,  load average: 0.46, 0.34, 0.28
Tasks:   1 total,   0 running,   1 sleeping,   0 stopped,   0 zombie
%Cpu(s): 10.0 us,  5.0 sy,  0.0 ni, 85.0 id,  0.0 wa,  0.0 hi,  0.0 si,  0.0 st 
MiB Mem :   1967.8 total,     89.0 free,    451.0 used,   1613.9 buff/cache     
MiB Swap:   6400.0 total,   6383.6 free,     16.4 used.   1516.8 avail Mem 

    PID USER      PR  NI    VIRT    RES    SHR S  %CPU  %MEM     TIME+ COMMAND
  20887 root      20   0 1768520  71912  13996 S  90.0   3.6   4:29.97 ./data-+
[2026-10-02 10:02:48] ------------------------------
top - 10:02:48 up  1:23,  1 user,  load average: 0.46, 0.34, 0.28
Tasks:   1 total,   0 running,   1 sleeping,   0 stopped,   0 zombie
%Cpu(s): 10.5 us,  5.3 sy,  0.0 ni, 84.2 id,  0.0 wa,  0.0 hi,  0.0 si,  0.0 st 
MiB Mem :   1967.8 total,     80.7 free,    458.3 used,   1614.9 buff/cache     
MiB Swap:   6400.0 total,   6383.6 free,     16.4 used.   1509.4 avail Mem 

    PID USER      PR  NI    VIRT    RES    SHR S  %CPU  %MEM     TIME+ COMMAND
  20887 root      20   0 1768520  71912  13996 S  50.0   3.6   4:30.35 ./data-+
[2026-10-02 10:02:49] ------------------------------
top - 10:02:49 up  1:23,  1 user,  load average: 0.46, 0.34, 0.28
Tasks:   1 total,   0 running,   1 sleeping,   0 stopped,   0 zombie
%Cpu(s):  4.8 us,  9.5 sy,  0.0 ni, 85.7 id,  0.0 wa,  0.0 hi,  0.0 si,  0.0 st 
MiB Mem :   1967.8 total,     76.2 free,    462.2 used,   1615.6 buff/cache     
MiB Swap:   6400.0 total,   6383.6 free,     16.4 used.   1505.6 avail Mem 

    PID USER      PR  NI    VIRT    RES    SHR S  %CPU  %MEM     TIME+ COMMAND
  20887 root      20   0 1768520  71952  13996 S  60.0   3.6   4:30.69 ./data-+
[2026-10-02 10:02:50] ------------------------------
top - 10:02:50 up  1:23,  1 user,  load average: 0.46, 0.34, 0.28
Tasks:   1 total,   0 running,   1 sleeping,   0 stopped,   0 zombie
%Cpu(s): 15.0 us,  0.0 sy,  0.0 ni, 80.0 id,  0.0 wa,  0.0 hi,  5.0 si,  0.0 st 
MiB Mem :   1967.8 total,     75.7 free,    461.7 used,   1616.5 buff/cache     
MiB Swap:   6400.0 total,   6383.6 free,     16.4 used.   1506.1 avail Mem 

    PID USER      PR  NI    VIRT    RES    SHR S  %CPU  %MEM     TIME+ COMMAND
  20887 root      20   0 1768520  69568  13996 S  80.0   3.5   4:31.12 ./data-+
[2026-10-02 10:02:51] ------------------------------
top - 10:02:52 up  1:23,  1 user,  load average: 0.46, 0.34, 0.28
Tasks:   1 total,   0 running,   1 sleeping,   0 stopped,   0 zombie
%Cpu(s): 10.0 us,  5.0 sy,  0.0 ni, 85.0 id,  0.0 wa,  0.0 hi,  0.0 si,  0.0 st 
MiB Mem :   1967.8 total,     75.7 free,    460.8 used,   1617.4 buff/cache     
MiB Swap:   6400.0 total,   6383.6 free,     16.4 used.   1507.0 avail Mem 

    PID USER      PR  NI    VIRT    RES    SHR S  %CPU  %MEM     TIME+ COMMAND
  20887 root      20   0 1768520  71904  13996 S  80.0   3.6   4:31.53 ./data-+
[2026-10-02 10:02:53] ------------------------------
top - 10:02:53 up  1:23,  1 user,  load average: 0.43, 0.34, 0.28
Tasks:   1 total,   0 running,   1 sleeping,   0 stopped,   0 zombie
%Cpu(s): 35.0 us, 35.0 sy,  0.0 ni, 25.0 id,  0.0 wa,  0.0 hi,  5.0 si,  0.0 st 
MiB Mem :   1967.8 total,     97.3 free,    462.9 used,   1593.6 buff/cache     
MiB Swap:   6400.0 total,   6383.6 free,     16.4 used.   1504.8 avail Mem 

    PID USER      PR  NI    VIRT    RES    SHR S  %CPU  %MEM     TIME+ COMMAND
  20887 root      20   0 1768520  72716  13996 S  40.0   3.6   4:31.90 ./data-+
[2026-10-02 10:02:54] ------------------------------
top - 10:02:54 up  1:23,  1 user,  load average: 0.43, 0.34, 0.28
Tasks:   1 total,   0 running,   1 sleeping,   0 stopped,   0 zombie
%Cpu(s):  5.3 us,  0.0 sy,  0.0 ni, 84.2 id,  0.0 wa,  0.0 hi, 10.5 si,  0.0 st 
MiB Mem :   1967.8 total,     98.2 free,    461.2 used,   1594.4 buff/cache     
MiB Swap:   6400.0 total,   6383.6 free,     16.4 used.   1506.6 avail Mem 

    PID USER      PR  NI    VIRT    RES    SHR S  %CPU  %MEM     TIME+ COMMAND
  20887 root      20   0 1768520  72764  13996 S  60.0   3.6   4:32.32 ./data-+
[2026-10-02 10:02:55] ------------------------------
top - 10:02:55 up  1:23,  1 user,  load average: 0.43, 0.34, 0.28
Tasks:   1 total,   0 running,   1 sleeping,   0 stopped,   0 zombie
%Cpu(s):  5.6 us,  5.6 sy,  0.0 ni, 88.9 id,  0.0 wa,  0.0 hi,  0.0 si,  0.0 st 
MiB Mem :   1967.8 total,     97.5 free,    461.0 used,   1595.4 buff/cache     
MiB Swap:   6400.0 total,   6383.6 free,     16.4 used.   1506.7 avail Mem 

    PID USER      PR  NI    VIRT    RES    SHR S  %CPU  %MEM     TIME+ COMMAND
  20887 root      20   0 1768520  72764  13996 S  50.0   3.6   4:32.71 ./data-+
[2026-10-02 10:02:56] ------------------------------
top - 10:02:56 up  1:23,  1 user,  load average: 0.43, 0.34, 0.28
Tasks:   1 total,   0 running,   1 sleeping,   0 stopped,   0 zombie
%Cpu(s):  5.0 us,  5.0 sy,  0.0 ni, 85.0 id,  0.0 wa,  0.0 hi,  5.0 si,  0.0 st 
MiB Mem :   1967.8 total,     96.2 free,    461.5 used,   1596.1 buff/cache     
MiB Swap:   6400.0 total,   6383.6 free,     16.4 used.   1506.3 avail Mem 

    PID USER      PR  NI    VIRT    RES    SHR S  %CPU  %MEM     TIME+ COMMAND
  20887 root      20   0 1768520  73596  13996 S  50.0   3.7   4:33.07 ./data-+
[2026-10-02 10:02:57] ------------------------------
top - 10:02:58 up  1:23,  1 user,  load average: 0.39, 0.33, 0.28
Tasks:   1 total,   0 running,   1 sleeping,   0 stopped,   0 zombie
%Cpu(s): 35.3 us, 35.3 sy,  0.0 ni, 29.4 id,  0.0 wa,  0.0 hi,  0.0 si,  0.0 st 
MiB Mem :   1967.8 total,     90.3 free,    466.4 used,   1597.2 buff/cache     
MiB Swap:   6400.0 total,   6383.6 free,     16.4 used.   1501.4 avail Mem 

    PID USER      PR  NI    VIRT    RES    SHR S  %CPU  %MEM     TIME+ COMMAND
  20887 root      20   0 1768520  73948  13996 S  60.0   3.7   4:33.46 ./data-+
[2026-10-02 10:02:59] ------------------------------
top - 10:02:59 up  1:23,  1 user,  load average: 0.39, 0.33, 0.28
Tasks:   1 total,   0 running,   1 sleeping,   0 stopped,   0 zombie
%Cpu(s): 10.0 us,  5.0 sy,  0.0 ni, 80.0 id,  0.0 wa,  0.0 hi,  5.0 si,  0.0 st 
MiB Mem :   1967.8 total,     90.0 free,    465.8 used,   1598.0 buff/cache     
MiB Swap:   6400.0 total,   6383.6 free,     16.4 used.   1501.9 avail Mem 

    PID USER      PR  NI    VIRT    RES    SHR S  %CPU  %MEM     TIME+ COMMAND
  20887 root      20   0 1768520  69572  13996 S  30.0   3.5   4:33.83 ./data-+
[2026-10-02 10:03:00] ------------------------------
top - 10:03:00 up  1:23,  1 user,  load average: 0.39, 0.33, 0.28
Tasks:   1 total,   0 running,   1 sleeping,   0 stopped,   0 zombie
%Cpu(s):  0.0 us,  5.0 sy,  0.0 ni, 90.0 id,  0.0 wa,  0.0 hi,  5.0 si,  0.0 st 
MiB Mem :   1967.8 total,     95.7 free,    459.3 used,   1598.8 buff/cache     
MiB Swap:   6400.0 total,   6383.6 free,     16.4 used.   1508.5 avail Mem 

    PID USER      PR  NI    VIRT    RES    SHR S  %CPU  %MEM     TIME+ COMMAND
  20887 root      20   0 1768520  70732  13996 S  60.0   3.5   4:34.21 ./data-+
[2026-10-02 10:03:01] ------------------------------
top - 10:03:01 up  1:23,  1 user,  load average: 0.39, 0.33, 0.28
Tasks:   1 total,   0 running,   1 sleeping,   0 stopped,   0 zombie
%Cpu(s): 15.8 us, 10.5 sy,  0.0 ni, 73.7 id,  0.0 wa,  0.0 hi,  0.0 si,  0.0 st 
MiB Mem :   1967.8 total,     95.3 free,    459.0 used,   1599.7 buff/cache     
MiB Swap:   6400.0 total,   6383.6 free,     16.4 used.   1508.8 avail Mem